CCS PCH C Compiler, Version 4.114, 93460303               10-Jan-14 14:01

               Filename: F:\Robocon 2014\Lap trinh design\LAP TRINH ROBOT TU DONG\thurobotd9-1\thutd9-1.lst

               ROM used: 2494 bytes (15%)
                         Largest free fragment is 13886
               RAM used: 58 (8%) at main() level
                         71 (9%) worst case
               Stack:    7 worst case (6 in main + 1 for interrupts)

*
0000:  GOTO   06B8
*
0008:  MOVWF  04
000A:  MOVFF  FD8,05
000E:  MOVFF  FE0,06
0012:  MOVLB  0
0014:  MOVFF  FE9,0C
0018:  MOVFF  FEA,07
001C:  MOVFF  FE1,08
0020:  MOVFF  FE2,09
0024:  MOVFF  FD9,0A
0028:  MOVFF  FDA,0B
002C:  MOVFF  FF3,12
0030:  MOVFF  FF4,13
0034:  MOVFF  FFA,14
0038:  MOVFF  FF5,15
003C:  MOVFF  FF6,16
0040:  MOVFF  FF7,17
0044:  MOVFF  00,0E
0048:  MOVFF  01,0F
004C:  MOVFF  02,10
0050:  MOVFF  03,11
0054:  BTFSS  FF0.3
0056:  GOTO   0060
005A:  BTFSC  FF0.0
005C:  GOTO   00CE
0060:  BTFSS  FF0.4
0062:  GOTO   006C
0066:  BTFSC  FF0.1
0068:  GOTO   00E8
006C:  MOVFF  0E,00
0070:  MOVFF  0F,01
0074:  MOVFF  10,02
0078:  MOVFF  11,03
007C:  MOVFF  0C,FE9
0080:  MOVFF  07,FEA
0084:  BSF    07.7
0086:  MOVFF  08,FE1
008A:  MOVFF  09,FE2
008E:  MOVFF  0A,FD9
0092:  MOVFF  0B,FDA
0096:  MOVFF  12,FF3
009A:  MOVFF  13,FF4
009E:  MOVFF  14,FFA
00A2:  MOVFF  15,FF5
00A6:  MOVFF  16,FF6
00AA:  MOVFF  17,FF7
00AE:  MOVF   04,W
00B0:  MOVFF  06,FE0
00B4:  MOVFF  05,FD8
00B8:  RETFIE 0
.................... #include <18F4431.h> 
.................... //////// Standard Header file for the PIC18F4431 device //////////////// 
.................... #device PIC18F4431 
.................... #list 
....................  
.................... #include <PIC18F4431_registers.h> 
.................... #byte TOSU = 0xFFF 
.................... #word TOS = 0xFFE 
.................... #byte STKPTR = 0xFFC 
.................... #bit    STKPTR0 = STKPTR.0 
.................... #bit    STKPTR1 = STKPTR.1 
.................... #bit    STKPTR2 = STKPTR.2 
.................... #bit    STKPTR3 = STKPTR.3 
.................... #bit    STKPTR4 = STKPTR.4 
.................... #bit    STKUNF = STKPTR.6 
.................... #bit    STKFUL = STKPTR.7 
.................... #byte PCLATU = 0xFFB 
.................... #byte PCLATH = 0xFFA 
.................... #byte PCL = 0xFF9 
.................... #byte TBLPTRU = 0xFF8 
.................... #bit    TBLPTRU0 = TBLPTRU.0 
.................... #bit    TBLPTRU1 = TBLPTRU.1 
.................... #bit    TBLPTRU2 = TBLPTRU.2 
.................... #bit    TBLPTRU3 = TBLPTRU.3 
.................... #bit    TBLPTRU4 = TBLPTRU.4 
.................... #bit    ACSS = TBLPTRU.5 
.................... #word TBLPTR = 0xFF7 
.................... #byte TABLAT = 0xFF5 
.................... #word PROD = 0xFF4 
.................... #byte INTCON = 0xFF2 
.................... #bit    RBIF = INTCON.0 
.................... #bit    INT0IF = INTCON.1 
.................... #bit    TMR0IF = INTCON.2 
.................... #bit    RBIE = INTCON.3 
.................... #bit    INT0IE = INTCON.4 
.................... #bit    TMR0IE = INTCON.5 
.................... #bit    PEIE_GIEL = INTCON.6 
.................... #bit    GIE_GIEH = INTCON.7 
.................... #byte INTCON2 = 0xFF1 
.................... #bit    RBIP = INTCON2.0 
.................... #bit    TMR0IP = INTCON2.2 
.................... #bit    INTEDG2 = INTCON2.4 
.................... #bit    INTEDG1 = INTCON2.5 
.................... #bit    INTEDG0 = INTCON2.6 
.................... #bit    RBPU = INTCON2.7 
.................... #byte INTCON3 = 0xFF0 
.................... #bit    INT1IF = INTCON3.0 
.................... #bit    INT2IF = INTCON3.1 
.................... #bit    INT1IE = INTCON3.3 
.................... #bit    INT2IE = INTCON3.4 
.................... #bit    INT1IP = INTCON3.6 
.................... #bit    INT2IP = INTCON3.7 
.................... #byte INDF0 = 0xFEF 
.................... #byte POSTINC0 = 0xFEE 
.................... #byte POSTDEC0 = 0xFED 
.................... #byte PREINC0 = 0xFEC 
.................... #byte PLUSW0 = 0xFEB 
.................... #word FSR0 = 0xFEA 
.................... #byte WREG = 0xFE8 
.................... #byte INDF1 = 0xFE7 
.................... #byte POSTINC1 = 0xFE6 
.................... #byte POSTDEC1 = 0xFE5 
.................... #byte PREINC1 = 0xFE4 
.................... #byte PLUSW1 = 0xFE3 
.................... #word FSR1 = 0xFE2 
.................... #byte BSR = 0xFE0 
.................... #byte INDF2 = 0xFDF 
.................... #byte POSTINC2 = 0xFDE 
.................... #byte POSTDEC2 = 0xFDD 
.................... #byte PREINC2 = 0xFDC 
.................... #byte PLUSW2 = 0xFDB 
.................... #word FSR2 = 0xFDA 
.................... #byte STATUS = 0xFD8 
.................... #bit    DC = STATUS.1 
.................... #bit    OV = STATUS.3 
.................... #word TMR0 = 0xFD7 
.................... #byte T0CON = 0xFD5 
.................... #bit    T0PS0 = T0CON.0 
.................... #bit    T0PS1 = T0CON.1 
.................... #bit    T0PS2 = T0CON.2 
.................... #bit    PSA = T0CON.3 
.................... #bit    T0SE = T0CON.4 
.................... #bit    T0CS = T0CON.5 
.................... #bit    T016BIT = T0CON.6 
.................... #bit    TMR0ON = T0CON.7 
.................... #byte OSCCON = 0xFD3 
.................... #bit    SCS0 = OSCCON.0 
.................... #bit    SCS1 = OSCCON.1 
.................... #bit    IOFS = OSCCON.2 
.................... #bit    OSTS = OSCCON.3 
.................... #bit    IRCF0 = OSCCON.4 
.................... #bit    IRCF1 = OSCCON.5 
.................... #bit    IRCF2 = OSCCON.6 
.................... #bit    IDLEN = OSCCON.7 
.................... #byte LVDCON = 0xFD2 
.................... #bit    LVDL0 = LVDCON.0 
.................... #bit    LVDL1 = LVDCON.1 
.................... #bit    LVDL2 = LVDCON.2 
.................... #bit    LVDL3 = LVDCON.3 
.................... #bit    LVDEN = LVDCON.4 
.................... #bit    IRVST = LVDCON.5 
.................... #byte WDTCON = 0xFD1 
.................... #bit    SWDTEN = WDTCON.0 
.................... #bit    WDTW = WDTCON.7 
.................... #byte RCON = 0xFD0 
.................... #bit    BOR = RCON.0 
.................... #bit    POR = RCON.1 
.................... #bit    PD = RCON.2 
.................... #bit    TO = RCON.3 
.................... #bit    RI = RCON.4 
.................... #bit    IPEN = RCON.7 
.................... #word TMR1 = 0xFCF 
.................... #byte T1CON = 0xFCD 
.................... #bit    TMR1ON = T1CON.0 
.................... #bit    TMR1CS = T1CON.1 
.................... #bit    T1SYNC = T1CON.2 
.................... #bit    T1OSCEN = T1CON.3 
.................... #bit    T1CKPS0 = T1CON.4 
.................... #bit    T1CKPS1 = T1CON.5 
.................... #bit    T1RUN = T1CON.6 
.................... #bit    RD16 = T1CON.7 
.................... #byte TMR2 = 0xFCC 
.................... #byte PR2 = 0xFCB 
.................... #byte T2CON = 0xFCA 
.................... #bit    T2CKPS0 = T2CON.0 
.................... #bit    T2CKPS1 = T2CON.1 
.................... #bit    TMR2ON = T2CON.2 
.................... #bit    TOUTPS0 = T2CON.3 
.................... #bit    TOUTPS1 = T2CON.4 
.................... #bit    TOUTPS2 = T2CON.5 
.................... #bit    TOUTPS3 = T2CON.6 
.................... #byte SSPBUF = 0xFC9 
.................... #byte SSPADD = 0xFC8 
.................... #byte SSPSTAT = 0xFC7 
.................... #bit    BF = SSPSTAT.0 
.................... #bit    UA = SSPSTAT.1 
.................... #bit    CKE = SSPSTAT.6 
.................... #bit    SMP = SSPSTAT.7 
.................... #byte SSPCON = 0xFC6 
.................... #bit    SSPM0 = SSPCON.0 
.................... #bit    SSPM1 = SSPCON.1 
.................... #bit    SSPM2 = SSPCON.2 
.................... #bit    SSPM3 = SSPCON.3 
.................... #bit    CKP = SSPCON.4 
.................... #bit    SSPEN = SSPCON.5 
.................... #bit    SSPOV = SSPCON.6 
.................... #bit    WCOL = SSPCON.7 
.................... #word ADRES = 0xFC4 
.................... #byte ADCON0 = 0xFC2 
.................... #bit    ADON = ADCON0.0 
.................... #bit    GO = ADCON0.1 
.................... #bit    ACMOD0 = ADCON0.2 
.................... #bit    ACMOD1 = ADCON0.3 
.................... #bit    ACSCH = ADCON0.4 
.................... #bit    ACONV = ADCON0.5 
.................... #byte ADCON1 = 0xFC1 
.................... #bit    ADPNT0 = ADCON1.0 
.................... #bit    ADPNT1 = ADCON1.1 
.................... #bit    BFOVFL = ADCON1.2 
.................... #bit    BFEMT = ADCON1.3 
.................... #bit    FIFOEN = ADCON1.4 
.................... #bit    VCFG0 = ADCON1.6 
.................... #bit    VCFG1 = ADCON1.7 
.................... #byte ADCON2 = 0xFC0 
.................... #bit    ADCS0 = ADCON2.0 
.................... #bit    ADCS1 = ADCON2.1 
.................... #bit    ADCS2 = ADCON2.2 
.................... #bit    ACQT0 = ADCON2.3 
.................... #bit    ACQT1 = ADCON2.4 
.................... #bit    ACQT2 = ADCON2.5 
.................... #bit    ACQT3 = ADCON2.6 
.................... #bit    ADFM = ADCON2.7 
.................... #word CCPR1 = 0xFBF 
.................... #byte CCP1CON = 0xFBD 
.................... #bit    CCP1M0 = CCP1CON.0 
.................... #bit    CCP1M1 = CCP1CON.1 
.................... #bit    CCP1M2 = CCP1CON.2 
.................... #bit    CCP1M3 = CCP1CON.3 
.................... #bit    DC1B0 = CCP1CON.4 
.................... #bit    DC1B1 = CCP1CON.5 
.................... #word CCPR2 = 0xFBC 
.................... #byte CCP2CON = 0xFBA 
.................... #bit    CCP2M0 = CCP2CON.0 
.................... #bit    CCP2M1 = CCP2CON.1 
.................... #bit    CCP2M2 = CCP2CON.2 
.................... #bit    CCP2M3 = CCP2CON.3 
.................... #bit    DC2B0 = CCP2CON.4 
.................... #bit    DC2B1 = CCP2CON.5 
.................... #byte ANSEL1 = 0xFB9 
.................... #bit    ANS8 = ANSEL1.0 
.................... #byte ANSEL0 = 0xFB8 
.................... #byte T5CON = 0xFB7 
.................... #bit    TMR5ON = T5CON.0 
.................... #bit    TMR5CS = T5CON.1 
.................... #bit    T5SYNC = T5CON.2 
.................... #bit    T5PS0 = T5CON.3 
.................... #bit    T5PS1 = T5CON.4 
.................... #bit    T5MOD = T5CON.5 
.................... #bit    RESEN = T5CON.6 
.................... #bit    T5SEN = T5CON.7 
.................... #byte QEICON = 0xFB6 
.................... #bit    PDEC0 = QEICON.0 
.................... #bit    PDEC1 = QEICON.1 
.................... #bit    QEIM0 = QEICON.2 
.................... #bit    QEIM1 = QEICON.3 
.................... #bit    QEIM2 = QEICON.4 
.................... #bit    UP = QEICON.5 
.................... #bit    ERROR = QEICON.6 
.................... #bit    VELM = QEICON.7 
.................... #byte SPBRGH = 0xFB0 
.................... #byte SPBRG = 0xFAF 
.................... #byte RCREG = 0xFAE 
.................... #byte TXREG = 0xFAD 
.................... #byte TXSTA = 0xFAC 
.................... #bit    TX9D = TXSTA.0 
.................... #bit    TRMT = TXSTA.1 
.................... #bit    BRGH = TXSTA.2 
.................... #bit    SENDB = TXSTA.3 
.................... #bit    SYNC = TXSTA.4 
.................... #bit    TXEN = TXSTA.5 
.................... #bit    TX9 = TXSTA.6 
.................... #bit    CSRC = TXSTA.7 
.................... #byte RCSTA = 0xFAB 
.................... #bit    RX9D = RCSTA.0 
.................... #bit    OERR = RCSTA.1 
.................... #bit    FERR = RCSTA.2 
.................... #bit    ADDEN = RCSTA.3 
.................... #bit    CREN = RCSTA.4 
.................... #bit    SREN = RCSTA.5 
.................... #bit    RX9 = RCSTA.6 
.................... #bit    SPEN = RCSTA.7 
.................... #byte BAUDCON = 0xFAA 
.................... #bit    ABDEN = BAUDCON.0 
.................... #bit    WUE = BAUDCON.1 
.................... #bit    BRG16 = BAUDCON.3 
.................... #bit    TXCKP = BAUDCON.4 
.................... #bit    RXDTP = BAUDCON.5 
.................... #bit    RCIDL = BAUDCON.6 
.................... #bit    ABDOVF = BAUDCON.7 
.................... #byte EEADR = 0xFA9 
.................... #byte EEDATA = 0xFA8 
.................... #byte EECON2 = 0xFA7 
.................... #byte EECON1 = 0xFA6 
.................... #bit    RD = EECON1.0 
.................... #bit    WR = EECON1.1 
.................... #bit    WREN = EECON1.2 
.................... #bit    WRERR = EECON1.3 
.................... #bit    FREE = EECON1.4 
.................... #bit    CFGS = EECON1.6 
.................... #bit    EEPGD = EECON1.7 
.................... #byte IPR3 = 0xFA5 
.................... #bit    TMR5IP = IPR3.0 
.................... #bit    IC1IP = IPR3.1 
.................... #bit    IC2QEIP = IPR3.2 
.................... #bit    IC3DRIP = IPR3.3 
.................... #bit    PTIP = IPR3.4 
.................... #byte PIR3 = 0xFA4 
.................... #bit    TMR5IF = PIR3.0 
.................... #bit    IC1IF = PIR3.1 
.................... #bit    IC2QEIF = PIR3.2 
.................... #bit    IC3DRIF = PIR3.3 
.................... #bit    PTIF = PIR3.4 
.................... #byte PIE3 = 0xFA3 
.................... #bit    TMR5IE = PIE3.0 
.................... #bit    IC1IE = PIE3.1 
.................... #bit    IC2QEIE = PIE3.2 
.................... #bit    IC3DRIE = PIE3.3 
.................... #bit    PTIE = PIE3.4 
.................... #byte IPR2 = 0xFA2 
.................... #bit    CCP2IP = IPR2.0 
.................... #bit    LVDIP = IPR2.2 
.................... #bit    EEIP = IPR2.4 
.................... #bit    OSFIP = IPR2.7 
.................... #byte PIR2 = 0xFA1 
.................... #bit    CCP2IF = PIR2.0 
.................... #bit    LVDIF = PIR2.2 
.................... #bit    EEIF = PIR2.4 
.................... #bit    OSFIF = PIR2.7 
.................... #byte PIE2 = 0xFA0 
.................... #bit    CCP2IE = PIE2.0 
.................... #bit    LVDIE = PIE2.2 
.................... #bit    EEIE = PIE2.4 
.................... #bit    OSFIE = PIE2.7 
.................... #byte IPR1 = 0xF9F 
.................... #bit    TMR1IP = IPR1.0 
.................... #bit    TMR2IP = IPR1.1 
.................... #bit    CCP1IP = IPR1.2 
.................... #bit    SSPIP = IPR1.3 
.................... #bit    TXIP = IPR1.4 
.................... #bit    RCIP = IPR1.5 
.................... #bit    ADIP = IPR1.6 
.................... #byte PIR1 = 0xF9E 
.................... #bit    TMR1IF = PIR1.0 
.................... #bit    TMR2IF = PIR1.1 
.................... #bit    CCP1IF = PIR1.2 
.................... #bit    SSPIF = PIR1.3 
.................... #bit    TXIF = PIR1.4 
.................... #bit    RCIF = PIR1.5 
.................... #bit    ADIF = PIR1.6 
.................... #byte PIE1 = 0xF9D 
.................... #bit    TMR1IE = PIE1.0 
.................... #bit    TMR2IE = PIE1.1 
.................... #bit    CCP1IE = PIE1.2 
.................... #bit    SSPIE = PIE1.3 
.................... #bit    TXIE = PIE1.4 
.................... #bit    RCIE = PIE1.5 
.................... #bit    ADIE = PIE1.6 
.................... #byte OSCTUNE = 0xF9B 
.................... #byte ADCON3 = 0xF9A 
.................... #bit    SSRC0 = ADCON3.0 
.................... #bit    SSRC1 = ADCON3.1 
.................... #bit    SSRC2 = ADCON3.2 
.................... #bit    SSRC3 = ADCON3.3 
.................... #bit    SSRC4 = ADCON3.4 
.................... #bit    ADRS0 = ADCON3.6 
.................... #bit    ADRS1 = ADCON3.7 
.................... #byte ADCHS = 0xF99 
.................... #bit    SASEL0 = ADCHS.0 
.................... #bit    SASEL1 = ADCHS.1 
.................... #bit    SCSEL0 = ADCHS.2 
.................... #bit    SCSEL1 = ADCHS.3 
.................... #bit    SBSEL0 = ADCHS.4 
.................... #bit    SBSEL1 = ADCHS.5 
.................... #bit    SDSEL0 = ADCHS.6 
.................... #bit    SDSEL1 = ADCHS.7 
.................... #byte TRISE = 0xF96 
.................... #byte TRISD = 0xF95 
.................... #byte TRISC = 0xF94 
.................... #byte TRISB = 0xF93 
.................... #byte TRISA = 0xF92 
.................... #word PR5 = 0xF91 
.................... #byte LATE = 0xF8D 
.................... #byte LATD = 0xF8C 
.................... #byte LATC = 0xF8B 
.................... #byte LATB = 0xF8A 
.................... #byte LATA = 0xF89 
.................... #word TMR5 = 0xF88 
.................... #byte PORTE = 0xF84 
.................... #byte PORTD = 0xF83 
.................... #byte PORTC = 0xF82 
.................... #byte PORTB = 0xF81 
.................... #byte PORTA = 0xF80 
.................... #byte PTCON0 = 0xF7F 
.................... #bit    PTMOD0 = PTCON0.0 
.................... #bit    PTMOD1 = PTCON0.1 
.................... #bit    PTCKPS0 = PTCON0.2 
.................... #bit    PTCKPS1 = PTCON0.3 
.................... #bit    PTOPS0 = PTCON0.4 
.................... #bit    PTOPS1 = PTCON0.5 
.................... #bit    PTOPS2 = PTCON0.6 
.................... #bit    PTOPS3 = PTCON0.7 
.................... #byte PTCON1 = 0xF7E 
.................... #bit    PTDIR = PTCON1.6 
.................... #bit    PTEN = PTCON1.7 
.................... #byte PTMRL = 0xF7D 
.................... #byte PTMRH = 0xF7C 
.................... #byte PTPERL = 0xF7B 
.................... #byte PTPERH = 0xF7A 
.................... #byte PDC0L = 0xF79 
.................... #byte PDC0H = 0xF78 
.................... #byte PDC1L = 0xF77 
.................... #byte PDC1H = 0xF76 
.................... #byte PDC2L = 0xF75 
.................... #byte PDC2H = 0xF74 
.................... #byte PDC3L = 0xF73 
.................... #byte PDC3H = 0xF72 
.................... #byte SEVTCMPL = 0xF71 
.................... #byte SEVTCMPH = 0xF70 
.................... #byte PWMCON0 = 0xF6F 
.................... #bit    PMOD0 = PWMCON0.0 
.................... #bit    PMOD1 = PWMCON0.1 
.................... #bit    PMOD2 = PWMCON0.2 
.................... #bit    PMOD3 = PWMCON0.3 
.................... #bit    PWMEN0 = PWMCON0.4 
.................... #bit    PWMEN1 = PWMCON0.5 
.................... #bit    PWMEN2 = PWMCON0.6 
.................... #byte PWMCON1 = 0xF6E 
.................... #bit    OSYNC = PWMCON1.0 
.................... #bit    UDIS = PWMCON1.1 
.................... #bit    SEVTDIR = PWMCON1.3 
.................... #bit    SEVOPS0 = PWMCON1.4 
.................... #bit    SEVOPS1 = PWMCON1.5 
.................... #bit    SEVOPS2 = PWMCON1.6 
.................... #bit    SEVOPS3 = PWMCON1.7 
.................... #byte DTCON = 0xF6D 
.................... #bit    DTA0 = DTCON.0 
.................... #bit    DTA1 = DTCON.1 
.................... #bit    DTA2 = DTCON.2 
.................... #bit    DTA3 = DTCON.3 
.................... #bit    DTA4 = DTCON.4 
.................... #bit    DTA5 = DTCON.5 
.................... #bit    DTAPS0 = DTCON.6 
.................... #bit    DTAPS1 = DTCON.7 
.................... #byte FLTCONFIG = 0xF6C 
.................... #bit    FLTAEN = FLTCONFIG.0 
.................... #bit    FLTAMOD = FLTCONFIG.1 
.................... #bit    FLTAS = FLTCONFIG.2 
.................... #bit    FLTCON = FLTCONFIG.3 
.................... #bit    FLTBEN = FLTCONFIG.4 
.................... #bit    FLTBMOD = FLTCONFIG.5 
.................... #bit    FLTBS = FLTCONFIG.6 
.................... #bit    BRFEN = FLTCONFIG.7 
.................... #byte OVDCOND = 0xF6B 
.................... #byte OVDCONS = 0xF6A 
.................... #word CAP1BUF = 0xF69 
.................... #word CAP2BUF = 0xF67 
.................... #word CAP3BUF = 0xF65 
.................... #byte CAP1CON = 0xF63 
.................... #bit    CAP1M0 = CAP1CON.0 
.................... #bit    CAP1M1 = CAP1CON.1 
.................... #bit    CAP1M2 = CAP1CON.2 
.................... #bit    CAP1M3 = CAP1CON.3 
.................... #bit    CAP1TMR = CAP1CON.5 
.................... #bit    CAP1REN = CAP1CON.6 
.................... #byte CAP2CON = 0xF62 
.................... #bit    CAP2M0 = CAP2CON.0 
.................... #bit    CAP2M1 = CAP2CON.1 
.................... #bit    CAP2M2 = CAP2CON.2 
.................... #bit    CAP2M3 = CAP2CON.3 
.................... #bit    CAP2TMR = CAP2CON.5 
.................... #bit    CAP2REN = CAP2CON.6 
.................... #byte CAP3CON = 0xF61 
.................... #bit    CAP3M0 = CAP3CON.0 
.................... #bit    CAP3M1 = CAP3CON.1 
.................... #bit    CAP3M2 = CAP3CON.2 
.................... #bit    CAP3M3 = CAP3CON.3 
.................... #bit    CAP3TMR = CAP3CON.5 
.................... #bit    CAP3REN = CAP3CON.6 
.................... #byte DFLTCON = 0xF60 
.................... #bit    FLTCK0 = DFLTCON.0 
.................... #bit    FLTCK1 = DFLTCON.1 
.................... #bit    FLTCK2 = DFLTCON.2 
.................... #bit    FLT1EN = DFLTCON.3 
.................... #bit    FLT2EN = DFLTCON.4 
.................... #bit    FLT3EN = DFLTCON.5 
.................... #bit    FLT4EN = DFLTCON.6 
....................  
.................... #fuses hs,nobrownout,nowdt,protect,put,nolvp,nodebug 
.................... #use delay(clock=20000000) 
*
0178:  CLRF   FEA
017A:  MOVLW  3C
017C:  MOVWF  FE9
017E:  MOVF   FEF,W
0180:  BZ    019C
0182:  MOVLW  06
0184:  MOVWF  01
0186:  CLRF   00
0188:  DECFSZ 00,F
018A:  BRA    0188
018C:  DECFSZ 01,F
018E:  BRA    0186
0190:  MOVLW  7B
0192:  MOVWF  00
0194:  DECFSZ 00,F
0196:  BRA    0194
0198:  DECFSZ FEF,F
019A:  BRA    0182
019C:  RETLW  00
....................  
.................... /////////////////////////////////////////////////// 
.................... #define LCD_RS_PIN      PIN_b7                             
.................... #define LCD_RW_PIN      PIN_b6    
.................... #define LCD_ENABLE_PIN  PIN_b5                                                               
.................... #define LCD_DATA4       PIN_d0                                  
.................... #define LCD_DATA5       PIN_d1                                   
.................... #define LCD_DATA6       PIN_d2                                    
.................... #define LCD_DATA7       PIN_d3 
.................... #include <lcd.c> 
.................... /////////////////////////////////////////////////////////////////////////////// 
.................... ////                             LCD.C                                     //// 
.................... ////                 Driver for common LCD modules                         //// 
.................... ////                                                                       //// 
.................... ////  lcd_init()   Must be called before any other function.               //// 
.................... ////                                                                       //// 
.................... ////  lcd_putc(c)  Will display c on the next position of the LCD.         //// 
.................... ////                 \a  Set cursor position to upper left                 //// 
.................... ////                 \f  Clear display, set cursor to upper left           //// 
.................... ////                 \n  Go to start of second line                        //// 
.................... ////                 \b  Move back one position                            //// 
.................... ////              If LCD_EXTENDED_NEWLINE is defined, the \n character     //// 
.................... ////              will erase all remanining characters on the current      //// 
.................... ////              line, and move the cursor to the beginning of the next   //// 
.................... ////              line.                                                    //// 
.................... ////              If LCD_EXTENDED_NEWLINE is defined, the \r character     //// 
.................... ////              will move the cursor to the start of the current         //// 
.................... ////              line.                                                    //// 
.................... ////                                                                       //// 
.................... ////  lcd_gotoxy(x,y) Set write position on LCD (upper left is 1,1)        //// 
.................... ////                                                                       //// 
.................... ////  lcd_getc(x,y)   Returns character at position x,y on LCD             //// 
.................... ////                                                                       //// 
.................... ////  CONFIGURATION                                                        //// 
.................... ////  The LCD can be configured in one of two ways: a.) port access or     //// 
.................... ////  b.) pin access.  Port access requires the entire 7 bit interface     //// 
.................... ////  connected to one GPIO port, and the data bits (D4:D7 of the LCD)     //// 
.................... ////  connected to sequential pins on the GPIO.  Pin access                //// 
.................... ////  has no requirements, all 7 bits of the control interface can         //// 
.................... ////  can be connected to any GPIO using several ports.                    //// 
.................... ////                                                                       //// 
.................... ////  To use port access, #define LCD_DATA_PORT to the SFR location of     //// 
.................... ////  of the GPIO port that holds the interface, -AND- edit LCD_PIN_MAP    //// 
.................... ////  of this file to configure the pin order.  If you are using a         //// 
.................... ////  baseline PIC (PCB), then LCD_OUTPUT_MAP and LCD_INPUT_MAP also must  //// 
.................... ////  be defined.                                                          //// 
.................... ////                                                                       //// 
.................... ////  Example of port access:                                              //// 
.................... ////     #define LCD_DATA_PORT getenv("SFR:PORTD")                         //// 
.................... ////                                                                       //// 
.................... ////  To use pin access, the following pins must be defined:               //// 
.................... ////     LCD_ENABLE_PIN                                                    //// 
.................... ////     LCD_RS_PIN                                                        //// 
.................... ////     LCD_RW_PIN                                                        //// 
.................... ////     LCD_DATA4                                                         //// 
.................... ////     LCD_DATA5                                                         //// 
.................... ////     LCD_DATA6                                                         //// 
.................... ////     LCD_DATA7                                                         //// 
.................... ////                                                                       //// 
.................... ////  Example of pin access:                                               //// 
.................... ////     #define LCD_ENABLE_PIN  PIN_E0                                    //// 
.................... ////     #define LCD_RS_PIN      PIN_E1                                    //// 
.................... ////     #define LCD_RW_PIN      PIN_E2                                    //// 
.................... ////     #define LCD_DATA4       PIN_D4                                    //// 
.................... ////     #define LCD_DATA5       PIN_D5                                    //// 
.................... ////     #define LCD_DATA6       PIN_D6                                    //// 
.................... ////     #define LCD_DATA7       PIN_D7                                    //// 
.................... ////                                                                       //// 
.................... /////////////////////////////////////////////////////////////////////////////// 
.................... ////        (C) Copyright 1996,2010 Custom Computer Services           //// 
.................... //// This source code may only be used by licensed users of the CCS C  //// 
.................... //// compiler.  This source code may only be distributed to other      //// 
.................... //// licensed users of the CCS C compiler.  No other use, reproduction //// 
.................... //// or distribution is permitted without written permission.          //// 
.................... //// Derivative programs created using this software in object code    //// 
.................... //// form are not restricted in any way.                               //// 
.................... /////////////////////////////////////////////////////////////////////////// 
....................  
.................... // define the pinout. 
.................... // only required if port access is being used. 
.................... typedef struct   
.................... {                            // This structure is overlayed 
....................    BOOLEAN enable;           // on to an I/O port to gain 
....................    BOOLEAN rs;               // access to the LCD pins. 
....................    BOOLEAN rw;               // The bits are allocated from 
....................    BOOLEAN unused;           // low order up.  ENABLE will 
....................    int     data : 4;         // be LSB pin of that port. 
....................   #if defined(__PCD__)       // The port used will be LCD_DATA_PORT. 
....................    int    reserved: 8; 
....................   #endif 
.................... } LCD_PIN_MAP; 
....................  
.................... // this is to improve compatability with previous LCD drivers that accepted 
.................... // a define labeled 'use_portb_lcd' that configured the LCD onto port B. 
.................... #if ((defined(use_portb_lcd)) && (use_portb_lcd==TRUE)) 
....................  #define LCD_DATA_PORT getenv("SFR:PORTB") 
.................... #endif 
....................  
.................... #if defined(__PCB__) 
....................    // these definitions only need to be modified for baseline PICs. 
....................    // all other PICs use LCD_PIN_MAP or individual LCD_xxx pin definitions. 
.................... /*                                    EN, RS,   RW,   UNUSED,  DATA  */ 
....................  const LCD_PIN_MAP LCD_OUTPUT_MAP =  {0,  0,    0,    0,       0}; 
....................  const LCD_PIN_MAP LCD_INPUT_MAP =   {0,  0,    0,    0,       0xF}; 
.................... #endif 
....................  
.................... ////////////////////// END CONFIGURATION /////////////////////////////////// 
....................  
.................... #ifndef LCD_ENABLE_PIN 
....................    #define lcd_output_enable(x) lcdlat.enable=x 
....................    #define lcd_enable_tris()   lcdtris.enable=0 
.................... #else 
....................    #define lcd_output_enable(x) output_bit(LCD_ENABLE_PIN, x) 
....................    #define lcd_enable_tris()  output_drive(LCD_ENABLE_PIN) 
.................... #endif 
....................  
.................... #ifndef LCD_RS_PIN 
....................    #define lcd_output_rs(x) lcdlat.rs=x 
....................    #define lcd_rs_tris()   lcdtris.rs=0 
.................... #else 
....................    #define lcd_output_rs(x) output_bit(LCD_RS_PIN, x) 
....................    #define lcd_rs_tris()  output_drive(LCD_RS_PIN) 
.................... #endif 
....................  
.................... #ifndef LCD_RW_PIN 
....................    #define lcd_output_rw(x) lcdlat.rw=x 
....................    #define lcd_rw_tris()   lcdtris.rw=0 
.................... #else 
....................    #define lcd_output_rw(x) output_bit(LCD_RW_PIN, x) 
....................    #define lcd_rw_tris()  output_drive(LCD_RW_PIN) 
.................... #endif 
....................  
.................... // original version of this library incorrectly labeled LCD_DATA0 as LCD_DATA4, 
.................... // LCD_DATA1 as LCD_DATA5, and so on.  this block of code makes the driver 
.................... // compatible with any code written for the original library 
.................... #if (defined(LCD_DATA0) && defined(LCD_DATA1) && defined(LCD_DATA2) && defined(LCD_DATA3) && !defined(LCD_DATA4) && !defined(LCD_DATA5) && !defined(LCD_DATA6) && !defined(LCD_DATA7)) 
....................    #define  LCD_DATA4    LCD_DATA0 
....................    #define  LCD_DATA5    LCD_DATA1 
....................    #define  LCD_DATA6    LCD_DATA2 
....................    #define  LCD_DATA7    LCD_DATA3 
.................... #endif 
....................  
.................... #ifndef LCD_DATA4 
.................... #ifndef LCD_DATA_PORT 
....................    #if defined(__PCB__) 
....................       #define LCD_DATA_PORT      0x06     //portb 
....................       #define set_tris_lcd(x)   set_tris_b(x) 
....................    #else 
....................      #if defined(PIN_D0) 
....................       #define LCD_DATA_PORT      getenv("SFR:PORTD")     //portd 
....................      #else 
....................       #define LCD_DATA_PORT      getenv("SFR:PORTB")     //portb 
....................      #endif 
....................    #endif    
.................... #endif 
....................  
.................... #if defined(__PCB__) 
....................    LCD_PIN_MAP lcd, lcdlat; 
....................    #byte lcd = LCD_DATA_PORT 
....................    #byte lcdlat = LCD_DATA_PORT 
.................... #elif defined(__PCM__) 
....................    LCD_PIN_MAP lcd, lcdlat, lcdtris; 
....................    #byte lcd = LCD_DATA_PORT 
....................    #byte lcdlat = LCD_DATA_PORT 
....................    #byte lcdtris = LCD_DATA_PORT+0x80 
.................... #elif defined(__PCH__) 
....................    LCD_PIN_MAP lcd, lcdlat, lcdtris; 
....................    #byte lcd = LCD_DATA_PORT 
....................    #byte lcdlat = LCD_DATA_PORT+9 
....................    #byte lcdtris = LCD_DATA_PORT+0x12 
.................... #elif defined(__PCD__) 
....................    LCD_PIN_MAP lcd, lcdlat, lcdtris; 
....................    #word lcd = LCD_DATA_PORT 
....................    #word lcdlat = LCD_DATA_PORT+2 
....................    #word lcdtris = LCD_DATA_PORT-0x02 
.................... #endif 
.................... #endif   //LCD_DATA4 not defined 
....................  
.................... #ifndef LCD_TYPE 
....................    #define LCD_TYPE 2           // 0=5x7, 1=5x10, 2=2 lines 
.................... #endif 
....................  
.................... #ifndef LCD_LINE_TWO 
....................    #define LCD_LINE_TWO 0x40    // LCD RAM address for the second line 
.................... #endif 
....................  
.................... #ifndef LCD_LINE_LENGTH 
....................    #define LCD_LINE_LENGTH 20 
.................... #endif 
....................  
.................... BYTE const LCD_INIT_STRING[4] = {0x20 | (LCD_TYPE << 2), 0xc, 1, 6}; 
....................                              // These bytes need to be sent to the LCD 
....................                              // to start it up. 
....................  
.................... BYTE lcd_read_nibble(void); 
....................  
.................... BYTE lcd_read_byte(void) 
.................... { 
....................    BYTE low,high; 
....................  
....................  #if defined(__PCB__) 
....................    set_tris_lcd(LCD_INPUT_MAP); 
....................  #else 
....................   #if (defined(LCD_DATA4) && defined(LCD_DATA5) && defined(LCD_DATA6) && defined(LCD_DATA7)) 
....................    output_float(LCD_DATA4); 
*
0234:  BSF    F95.0
....................    output_float(LCD_DATA5); 
0236:  BSF    F95.1
....................    output_float(LCD_DATA6); 
0238:  BSF    F95.2
....................    output_float(LCD_DATA7); 
023A:  BSF    F95.3
....................   #else 
....................    lcdtris.data = 0xF; 
....................   #endif 
....................  #endif 
....................          
....................    lcd_output_rw(1); 
023C:  BSF    F8A.6
023E:  BCF    F93.6
....................    delay_cycles(1); 
0240:  NOP   
....................    lcd_output_enable(1); 
0242:  BSF    F8A.5
0244:  BCF    F93.5
....................    delay_cycles(1); 
0246:  NOP   
....................    high = lcd_read_nibble(); 
0248:  RCALL  01E2
024A:  MOVFF  01,43
....................        
....................    lcd_output_enable(0); 
024E:  BCF    F8A.5
0250:  BCF    F93.5
....................    delay_cycles(1); 
0252:  NOP   
....................    lcd_output_enable(1); 
0254:  BSF    F8A.5
0256:  BCF    F93.5
....................    delay_us(1); 
0258:  BRA    025A
025A:  BRA    025C
025C:  NOP   
....................    low = lcd_read_nibble(); 
025E:  RCALL  01E2
0260:  MOVFF  01,42
....................        
....................    lcd_output_enable(0); 
0264:  BCF    F8A.5
0266:  BCF    F93.5
....................  
....................  #if defined(__PCB__) 
....................    set_tris_lcd(LCD_OUTPUT_MAP); 
....................  #else 
....................   #if (defined(LCD_DATA4) && defined(LCD_DATA5) && defined(LCD_DATA6) && defined(LCD_DATA7)) 
....................    output_drive(LCD_DATA4); 
0268:  BCF    F95.0
....................    output_drive(LCD_DATA5); 
026A:  BCF    F95.1
....................    output_drive(LCD_DATA6); 
026C:  BCF    F95.2
....................    output_drive(LCD_DATA7); 
026E:  BCF    F95.3
....................   #else 
....................    lcdtris.data = 0x0; 
....................   #endif 
....................  #endif 
....................  
....................    return( (high<<4) | low); 
0270:  SWAPF  43,W
0272:  MOVWF  00
0274:  MOVLW  F0
0276:  ANDWF  00,F
0278:  MOVF   00,W
027A:  IORWF  42,W
027C:  MOVWF  01
.................... } 
027E:  GOTO   028E (RETURN)
....................  
.................... BYTE lcd_read_nibble(void) 
.................... { 
....................   #if (defined(LCD_DATA4) && defined(LCD_DATA5) && defined(LCD_DATA6) && defined(LCD_DATA7)) 
*
01E2:  CLRF   44
....................    BYTE n = 0x00; 
....................  
....................    /* Read the data port */ 
....................    n |= input(LCD_DATA4); 
01E4:  BSF    F95.0
01E6:  MOVLW  00
01E8:  BTFSC  F83.0
01EA:  MOVLW  01
01EC:  IORWF  44,F
....................    n |= input(LCD_DATA5) << 1; 
01EE:  BSF    F95.1
01F0:  MOVLW  00
01F2:  BTFSC  F83.1
01F4:  MOVLW  01
01F6:  MOVWF  00
01F8:  BCF    FD8.0
01FA:  RLCF   00,F
01FC:  MOVF   00,W
01FE:  IORWF  44,F
....................    n |= input(LCD_DATA6) << 2; 
0200:  BSF    F95.2
0202:  MOVLW  00
0204:  BTFSC  F83.2
0206:  MOVLW  01
0208:  MOVWF  00
020A:  RLCF   00,F
020C:  RLCF   00,F
020E:  MOVLW  FC
0210:  ANDWF  00,F
0212:  MOVF   00,W
0214:  IORWF  44,F
....................    n |= input(LCD_DATA7) << 3; 
0216:  BSF    F95.3
0218:  MOVLW  00
021A:  BTFSC  F83.3
021C:  MOVLW  01
021E:  MOVWF  00
0220:  RLCF   00,F
0222:  RLCF   00,F
0224:  RLCF   00,F
0226:  MOVLW  F8
0228:  ANDWF  00,F
022A:  MOVF   00,W
022C:  IORWF  44,F
....................     
....................    return(n); 
022E:  MOVFF  44,01
....................   #else 
....................    return(lcd.data); 
....................   #endif 
.................... } 
0232:  RETLW  00
....................  
.................... void lcd_send_nibble(BYTE n) 
.................... { 
....................   #if (defined(LCD_DATA4) && defined(LCD_DATA5) && defined(LCD_DATA6) && defined(LCD_DATA7)) 
....................    /* Write to the data port */ 
....................    output_bit(LCD_DATA4, bit_test(n, 0)); 
*
019E:  BTFSC  43.0
01A0:  BRA    01A6
01A2:  BCF    F8C.0
01A4:  BRA    01A8
01A6:  BSF    F8C.0
01A8:  BCF    F95.0
....................    output_bit(LCD_DATA5, bit_test(n, 1)); 
01AA:  BTFSC  43.1
01AC:  BRA    01B2
01AE:  BCF    F8C.1
01B0:  BRA    01B4
01B2:  BSF    F8C.1
01B4:  BCF    F95.1
....................    output_bit(LCD_DATA6, bit_test(n, 2)); 
01B6:  BTFSC  43.2
01B8:  BRA    01BE
01BA:  BCF    F8C.2
01BC:  BRA    01C0
01BE:  BSF    F8C.2
01C0:  BCF    F95.2
....................    output_bit(LCD_DATA7, bit_test(n, 3)); 
01C2:  BTFSC  43.3
01C4:  BRA    01CA
01C6:  BCF    F8C.3
01C8:  BRA    01CC
01CA:  BSF    F8C.3
01CC:  BCF    F95.3
....................   #else       
....................    lcdlat.data = n; 
....................   #endif 
....................        
....................    delay_cycles(1); 
01CE:  NOP   
....................    lcd_output_enable(1); 
01D0:  BSF    F8A.5
01D2:  BCF    F93.5
....................    delay_us(2); 
01D4:  MOVLW  03
01D6:  MOVWF  00
01D8:  DECFSZ 00,F
01DA:  BRA    01D8
....................    lcd_output_enable(0); 
01DC:  BCF    F8A.5
01DE:  BCF    F93.5
.................... } 
01E0:  RETLW  00
....................  
.................... void lcd_send_byte(BYTE address, BYTE n) 
.................... { 
....................   #if defined(__PCB__) 
....................    set_tris_lcd(LCD_OUTPUT_MAP); 
....................   #else 
....................    lcd_enable_tris(); 
*
0282:  BCF    F93.5
....................    lcd_rs_tris(); 
0284:  BCF    F93.7
....................    lcd_rw_tris(); 
0286:  BCF    F93.6
....................   #endif 
....................  
....................    lcd_output_rs(0); 
0288:  BCF    F8A.7
028A:  BCF    F93.7
....................    while ( bit_test(lcd_read_byte(),7) ) ; 
028C:  BRA    0234
028E:  MOVFF  01,42
0292:  BTFSC  01.7
0294:  BRA    028C
....................    lcd_output_rs(address); 
0296:  MOVF   40,F
0298:  BNZ   029E
029A:  BCF    F8A.7
029C:  BRA    02A0
029E:  BSF    F8A.7
02A0:  BCF    F93.7
....................    delay_cycles(1); 
02A2:  NOP   
....................    lcd_output_rw(0); 
02A4:  BCF    F8A.6
02A6:  BCF    F93.6
....................    delay_cycles(1); 
02A8:  NOP   
....................    lcd_output_enable(0); 
02AA:  BCF    F8A.5
02AC:  BCF    F93.5
....................    lcd_send_nibble(n >> 4); 
02AE:  SWAPF  41,W
02B0:  MOVWF  42
02B2:  MOVLW  0F
02B4:  ANDWF  42,F
02B6:  MOVFF  42,43
02BA:  RCALL  019E
....................    lcd_send_nibble(n & 0xf); 
02BC:  MOVF   41,W
02BE:  ANDLW  0F
02C0:  MOVWF  42
02C2:  MOVWF  43
02C4:  RCALL  019E
.................... } 
02C6:  RETLW  00
....................  
.................... #if defined(LCD_EXTENDED_NEWLINE) 
.................... unsigned int8 g_LcdX, g_LcdY; 
.................... #endif 
....................  
.................... void lcd_init(void)  
.................... { 
....................    BYTE i; 
....................  
....................  #if defined(__PCB__) 
....................    set_tris_lcd(LCD_OUTPUT_MAP); 
....................  #else 
....................   #if (defined(LCD_DATA4) && defined(LCD_DATA5) && defined(LCD_DATA6) && defined(LCD_DATA7)) 
....................    output_drive(LCD_DATA4); 
02C8:  BCF    F95.0
....................    output_drive(LCD_DATA5); 
02CA:  BCF    F95.1
....................    output_drive(LCD_DATA6); 
02CC:  BCF    F95.2
....................    output_drive(LCD_DATA7); 
02CE:  BCF    F95.3
....................   #else 
....................    lcdtris.data = 0x0; 
....................   #endif 
....................    lcd_enable_tris(); 
02D0:  BCF    F93.5
....................    lcd_rs_tris(); 
02D2:  BCF    F93.7
....................    lcd_rw_tris(); 
02D4:  BCF    F93.6
....................  #endif 
....................  
....................    lcd_output_rs(0); 
02D6:  BCF    F8A.7
02D8:  BCF    F93.7
....................    lcd_output_rw(0); 
02DA:  BCF    F8A.6
02DC:  BCF    F93.6
....................    lcd_output_enable(0); 
02DE:  BCF    F8A.5
02E0:  BCF    F93.5
....................      
....................    delay_ms(15); 
02E2:  MOVLW  0F
02E4:  MOVWF  3C
02E6:  RCALL  0178
....................    for(i=1;i<=3;++i) 
02E8:  MOVLW  01
02EA:  MOVWF  39
02EC:  MOVF   39,W
02EE:  SUBLW  03
02F0:  BNC   0306
....................    { 
....................        lcd_send_nibble(3); 
02F2:  MOVLW  03
02F4:  MOVWF  43
02F6:  RCALL  019E
....................        lcd_send_nibble(0); 
02F8:  CLRF   43
02FA:  RCALL  019E
....................        delay_ms(5); 
02FC:  MOVLW  05
02FE:  MOVWF  3C
0300:  RCALL  0178
....................    } 
0302:  INCF   39,F
0304:  BRA    02EC
....................     
....................    lcd_send_nibble(2); 
0306:  MOVLW  02
0308:  MOVWF  43
030A:  RCALL  019E
....................    lcd_send_nibble(0); 
030C:  CLRF   43
030E:  RCALL  019E
....................    delay_ms(5); 
0310:  MOVLW  05
0312:  MOVWF  3C
0314:  RCALL  0178
....................    for(i=0;i<=3;++i) 
0316:  CLRF   39
0318:  MOVF   39,W
031A:  SUBLW  03
031C:  BNC   0330
....................       lcd_send_byte(0,LCD_INIT_STRING[i]); 
031E:  CLRF   03
0320:  MOVF   39,W
0322:  RCALL  00BA
0324:  MOVWF  3A
0326:  CLRF   40
0328:  MOVWF  41
032A:  RCALL  0282
....................  
....................   #if defined(LCD_EXTENDED_NEWLINE) 
032C:  INCF   39,F
032E:  BRA    0318
....................    g_LcdX = 0; 
....................    g_LcdY = 0; 
....................   #endif 
.................... } 
0330:  GOTO   06DE (RETURN)
....................  
.................... void lcd_gotoxy(BYTE x, BYTE y) 
.................... { 
....................    BYTE address; 
....................     
....................    if(y!=1) 
0334:  DECFSZ 3D,W
0336:  BRA    033A
0338:  BRA    0340
....................       address=LCD_LINE_TWO; 
033A:  MOVLW  40
033C:  MOVWF  3E
....................    else 
033E:  BRA    0342
....................       address=0; 
0340:  CLRF   3E
....................       
....................    address+=x-1; 
0342:  MOVLW  01
0344:  SUBWF  3C,W
0346:  ADDWF  3E,F
....................    lcd_send_byte(0,0x80|address); 
0348:  MOVF   3E,W
034A:  IORLW  80
034C:  MOVWF  3F
034E:  CLRF   40
0350:  MOVWF  41
0352:  RCALL  0282
....................  
....................   #if defined(LCD_EXTENDED_NEWLINE) 
....................    g_LcdX = x - 1; 
....................    g_LcdY = y - 1; 
....................   #endif 
.................... } 
0354:  RETLW  00
....................  
.................... void lcd_putc(char c) 
.................... { 
....................    switch (c) 
....................    { 
0356:  MOVF   3B,W
0358:  XORLW  07
035A:  BZ    036A
035C:  XORLW  0B
035E:  BZ    0374
0360:  XORLW  06
0362:  BZ    0384
0364:  XORLW  02
0366:  BZ    0390
0368:  BRA    039A
....................       case '\a'   :  lcd_gotoxy(1,1);     break; 
036A:  MOVLW  01
036C:  MOVWF  3C
036E:  MOVWF  3D
0370:  RCALL  0334
0372:  BRA    03A6
....................  
....................       case '\f'   :  lcd_send_byte(0,1); 
0374:  CLRF   40
0376:  MOVLW  01
0378:  MOVWF  41
037A:  RCALL  0282
....................                      delay_ms(2); 
037C:  MOVLW  02
037E:  MOVWF  3C
0380:  RCALL  0178
....................                     #if defined(LCD_EXTENDED_NEWLINE) 
....................                      g_LcdX = 0; 
....................                      g_LcdY = 0; 
....................                     #endif 
....................                      break; 
0382:  BRA    03A6
....................  
....................      #if defined(LCD_EXTENDED_NEWLINE) 
....................       case '\r'   :  lcd_gotoxy(1, g_LcdY+1);   break; 
....................       case '\n'   : 
....................          while (g_LcdX++ < LCD_LINE_LENGTH) 
....................          { 
....................             lcd_send_byte(1, ' '); 
....................          } 
....................          lcd_gotoxy(1, g_LcdY+2); 
....................          break; 
....................      #else 
....................       case '\n'   : lcd_gotoxy(1,2);        break; 
0384:  MOVLW  01
0386:  MOVWF  3C
0388:  MOVLW  02
038A:  MOVWF  3D
038C:  RCALL  0334
038E:  BRA    03A6
....................      #endif 
....................       
....................       case '\b'   : lcd_send_byte(0,0x10);  break; 
0390:  CLRF   40
0392:  MOVLW  10
0394:  MOVWF  41
0396:  RCALL  0282
0398:  BRA    03A6
....................       
....................      #if defined(LCD_EXTENDED_NEWLINE) 
....................       default     :  
....................          if (g_LcdX < LCD_LINE_LENGTH) 
....................          { 
....................             lcd_send_byte(1, c); 
....................             g_LcdX++; 
....................          } 
....................          break; 
....................      #else 
....................       default     : lcd_send_byte(1,c);     break; 
039A:  MOVLW  01
039C:  MOVWF  40
039E:  MOVFF  3B,41
03A2:  RCALL  0282
03A4:  BRA    03A6
....................      #endif 
....................    } 
.................... } 
03A6:  RETLW  00
....................   
.................... char lcd_getc(BYTE x, BYTE y) 
.................... { 
....................    char value; 
....................  
....................    lcd_gotoxy(x,y); 
....................    while ( bit_test(lcd_read_byte(),7) ); // wait until busy flag is low 
....................    lcd_output_rs(1); 
....................    value = lcd_read_byte(); 
....................    lcd_output_rs(0); 
....................     
....................    return(value); 
.................... } 
....................  
....................  
.................... void lcd_putnum(int32 so,INT8 x,int8 y) 
.................... { 
....................    INT32 a, b, c, d, e; 
....................    a = so / 10000; 
....................    b = (so - 10000 * a) / 1000; 
....................    c = (so - 10000 * a - 1000 * b) / 100; 
....................    d = (so - 10000 * a - 1000 * b - 100 * c) / 10; 
....................    e = so - 10000 * a - 1000 * b - 100 * c - 10 * d; 
....................    lcd_gotoxy (x, y); 
....................    lcd_putc (a + 48); 
....................    lcd_putc (b + 48); 
....................    lcd_putc (c + 48); 
....................    lcd_putc (d + 48); 
....................    lcd_putc (e + 48); 
.................... } 
....................  
.................... ///////////////////////////////////////////////// 
.................... #bit triskenhAt=trisc.4 
.................... #bit kenhAt=portc.4 
.................... #bit triskenhBt=trisc.6 
.................... #bit kenhBt=portc.6 
....................  
.................... signed INT16 endatap=0, endatapn=0;  
.................... #INT_ext1 
....................  
.................... void ngatngoai1() 
.................... { 
....................     
....................    triskenhBt = 1; 
*
00CE:  BSF    F94.6
....................    IF (kenhBt == 0) endatap++; else endatapn++; 
00D0:  BTFSC  F82.6
00D2:  BRA    00DC
00D4:  INCF   19,F
00D6:  BTFSC  FD8.2
00D8:  INCF   1A,F
00DA:  BRA    00E2
00DC:  INCF   1B,F
00DE:  BTFSC  FD8.2
00E0:  INCF   1C,F
.................... } 
....................  
.................... ///////////////////////////////////////////////// 
00E2:  BCF    FF0.0
00E4:  GOTO   006C
.................... #bit triskenhAp=trisc.5 
.................... #bit kenhAp=portc.5 
.................... #bit triskenhBp=trisc.7 
.................... #bit kenhBp=portc.7 
....................  
.................... signed INT16 endatat=0, endatatn=0; 
....................  
.................... #INT_ext2 
....................  
.................... void ngatngoai2() 
.................... { 
....................     
....................    triskenhBp = 1; 
00E8:  BSF    F94.7
....................    IF (kenhBp == 0) endatat++; else endatatn++; 
00EA:  BTFSC  F82.7
00EC:  BRA    00F6
00EE:  INCF   1D,F
00F0:  BTFSC  FD8.2
00F2:  INCF   1E,F
00F4:  BRA    00FC
00F6:  INCF   1F,F
00F8:  BTFSC  FD8.2
00FA:  INCF   20,F
.................... } 
....................  
.................... ////////////////////////////////////////////////// 
00FC:  BCF    FF0.1
00FE:  GOTO   006C
.................... void setint() 
.................... { 
....................    enable_interrupts (global); 
*
03C8:  MOVLW  C0
03CA:  IORWF  FF2,F
....................    enable_interrupts (INT_ext1_h2l); 
03CC:  BSF    FF0.3
03CE:  BCF    FF1.5
....................    enable_interrupts (INT_ext2_h2l); 
03D0:  BSF    FF0.4
03D2:  BCF    FF1.4
.................... } 
03D4:  GOTO   0700 (RETURN)
....................  
.................... /////////////////////////////////////////////// 
.................... #bit trisDin = trisb.0 
.................... #bit trisDout = trisb.1 
.................... #bit trisCLK = trisb.2 
.................... #bit trisCS = trisb.3 
.................... #bit Din = PORTb.0// dây 1 màu nâu (chan DI) 
.................... #bit Dout = PORTb.1 // dây 2 màu cam (chan DO) 
.................... #bit CLK = PORTb.2// dây 7 xanh da tr?i (chan CLK) 
.................... #bit CS = PORTb.3 // dây 6 màu vàng (chan CS) 
....................  
.................... unsigned CHAR rbyte,analog,pes4,pes5,adcrlp,adcudp,adcrlt,adcudt; 
.................... unsigned CHAR select,start,len,xuong,trai,phai,trai0,phai0,trai1,phai1,trai2,phai2,nut1,nut2,nut3,nut4; 
....................  
.................... void access(UNSIGNED char wbyte) 
.................... { 
03D8:  CLRF   3A
....................    UNSIGNED char j = 0; 
....................    rbyte = 0; 
03DA:  CLRF   21
....................    CLK = 1; 
03DC:  BSF    F81.2
....................    FOR (j = 0; j < 8; j++) 
03DE:  CLRF   3A
03E0:  MOVF   3A,W
03E2:  SUBLW  07
03E4:  BNC   046E
....................    { 
....................       IF (bit_test (wbyte, j) == 1) Dout = 1; else Dout = 0; 
03E6:  MOVFF  39,00
03EA:  MOVF   3A,W
03EC:  MOVWF  01
03EE:  BZ    03F8
03F0:  BCF    FD8.0
03F2:  RRCF   00,F
03F4:  DECFSZ 01,F
03F6:  BRA    03F0
03F8:  BTFSS  00.0
03FA:  BRA    0400
03FC:  BSF    F81.1
03FE:  BRA    0402
0400:  BCF    F81.1
....................       delay_us (10); 
0402:  MOVLW  10
0404:  MOVWF  00
0406:  DECFSZ 00,F
0408:  BRA    0406
040A:  NOP   
....................       CLK = 0; 
040C:  BCF    F81.2
....................       delay_us (10); 
040E:  MOVLW  10
0410:  MOVWF  00
0412:  DECFSZ 00,F
0414:  BRA    0412
0416:  NOP   
....................  
....................       IF (Din == 1) 
0418:  BTFSS  F81.0
041A:  BRA    0468
....................       { 
....................          IF (j == 0) rbyte = 1; 
041C:  MOVF   3A,F
041E:  BNZ   0424
0420:  MOVLW  01
0422:  MOVWF  21
....................          IF (j == 1) rbyte = rbyte + 2; 
0424:  DECFSZ 3A,W
0426:  BRA    042C
0428:  MOVLW  02
042A:  ADDWF  21,F
....................          IF (j == 2) rbyte = rbyte + 4; 
042C:  MOVF   3A,W
042E:  SUBLW  02
0430:  BNZ   0436
0432:  MOVLW  04
0434:  ADDWF  21,F
....................          IF (j == 3) rbyte = rbyte + 8; 
0436:  MOVF   3A,W
0438:  SUBLW  03
043A:  BNZ   0440
043C:  MOVLW  08
043E:  ADDWF  21,F
....................          IF (j == 4) rbyte = rbyte + 16; 
0440:  MOVF   3A,W
0442:  SUBLW  04
0444:  BNZ   044A
0446:  MOVLW  10
0448:  ADDWF  21,F
....................          IF (j == 5) rbyte = rbyte + 32; 
044A:  MOVF   3A,W
044C:  SUBLW  05
044E:  BNZ   0454
0450:  MOVLW  20
0452:  ADDWF  21,F
....................          IF (j == 6) rbyte = rbyte + 64; 
0454:  MOVF   3A,W
0456:  SUBLW  06
0458:  BNZ   045E
045A:  MOVLW  40
045C:  ADDWF  21,F
....................          IF (j == 7) rbyte = rbyte + 128; 
045E:  MOVF   3A,W
0460:  SUBLW  07
0462:  BNZ   0468
0464:  MOVLW  80
0466:  ADDWF  21,F
....................       } 
....................  
....................       CLK = 1; 
0468:  BSF    F81.2
....................    } 
046A:  INCF   3A,F
046C:  BRA    03E0
.................... } 
046E:  RETLW  00
....................  
.................... void doctayPES() 
.................... { 
....................    Din = Dout = CLK = CS = 1; 
0470:  BSF    F81.3
0472:  BSF    F81.2
0474:  BSF    F81.1
0476:  BSF    F81.0
....................    trisDin = 1; 
0478:  BSF    F93.0
....................    trisDout = trisCLK = trisCS = 0; 
047A:  BCF    F93.3
047C:  BCF    F93.2
047E:  BCF    F93.1
....................    cs = 0; 
0480:  BCF    F81.3
....................    access (0x01); 
0482:  MOVLW  01
0484:  MOVWF  39
0486:  RCALL  03D8
....................    access (0x42); 
0488:  MOVLW  42
048A:  MOVWF  39
048C:  RCALL  03D8
....................    analog = rbyte; 
048E:  MOVFF  21,22
....................    access (0x00); 
0492:  CLRF   39
0494:  RCALL  03D8
....................    access (0x00); 
0496:  CLRF   39
0498:  RCALL  03D8
....................    pes4 = rbyte; 
049A:  MOVFF  21,23
....................    access (0x00); 
049E:  CLRF   39
04A0:  RCALL  03D8
....................    pes5 = rbyte; 
04A2:  MOVFF  21,24
....................    access (0x00); 
04A6:  CLRF   39
04A8:  RCALL  03D8
....................    adcrlp = rbyte; 
04AA:  MOVFF  21,25
....................    access (0x00); 
04AE:  CLRF   39
04B0:  RCALL  03D8
....................    adcudp = rbyte; 
04B2:  MOVFF  21,26
....................    access (0x00); 
04B6:  CLRF   39
04B8:  RCALL  03D8
....................    adcrlt = rbyte; 
04BA:  MOVFF  21,27
....................    access (0x00); 
04BE:  CLRF   39
04C0:  RCALL  03D8
....................    adcudt = rbyte; 
04C2:  MOVFF  21,28
....................    cs = 1; 
04C6:  BSF    F81.3
....................    select = pes4&0x01; 
04C8:  MOVF   23,W
04CA:  ANDLW  01
04CC:  MOVWF  29
....................    trai0 = (pes4&0x02) / 2; 
04CE:  MOVF   23,W
04D0:  ANDLW  02
04D2:  MOVWF  00
04D4:  BCF    FD8.0
04D6:  RRCF   00,W
04D8:  MOVWF  2F
....................    phai0 = (pes4&0x04) / 4; 
04DA:  MOVF   23,W
04DC:  ANDLW  04
04DE:  MOVWF  00
04E0:  RRCF   00,W
04E2:  MOVWF  30
04E4:  RRCF   30,F
04E6:  MOVLW  3F
04E8:  ANDWF  30,F
....................    start = (pes4&0x08) / 8; 
04EA:  MOVF   23,W
04EC:  ANDLW  08
04EE:  MOVWF  00
04F0:  RRCF   00,W
04F2:  MOVWF  2A
04F4:  RRCF   2A,F
04F6:  RRCF   2A,F
04F8:  MOVLW  1F
04FA:  ANDWF  2A,F
....................    len = (pes4&0x10) / 16; 
04FC:  MOVF   23,W
04FE:  ANDLW  10
0500:  MOVWF  00
0502:  SWAPF  00,W
0504:  MOVWF  2B
0506:  MOVLW  0F
0508:  ANDWF  2B,F
....................    phai = (pes4&0x20) / 32; 
050A:  MOVF   23,W
050C:  ANDLW  20
050E:  MOVWF  00
0510:  SWAPF  00,W
0512:  MOVWF  2E
0514:  RRCF   2E,F
0516:  MOVLW  07
0518:  ANDWF  2E,F
....................    xuong = (pes4&0x40) / 64; 
051A:  MOVF   23,W
051C:  ANDLW  40
051E:  MOVWF  00
0520:  SWAPF  00,W
0522:  MOVWF  2C
0524:  RRCF   2C,F
0526:  RRCF   2C,F
0528:  MOVLW  03
052A:  ANDWF  2C,F
....................    trai = (pes4&0x80) / 128; 
052C:  MOVF   23,W
052E:  ANDLW  80
0530:  CLRF   2D
0532:  BTFSC  FE8.7
0534:  BSF    2D.0
....................    trai2 = (pes5&0x01); 
0536:  MOVF   24,W
0538:  ANDLW  01
053A:  MOVWF  33
....................    phai2 = (pes5&0x02) / 2; 
053C:  MOVF   24,W
053E:  ANDLW  02
0540:  MOVWF  00
0542:  BCF    FD8.0
0544:  RRCF   00,W
0546:  MOVWF  34
....................    trai1 = (pes5&0x04) / 4; 
0548:  MOVF   24,W
054A:  ANDLW  04
054C:  MOVWF  00
054E:  RRCF   00,W
0550:  MOVWF  31
0552:  RRCF   31,F
0554:  MOVLW  3F
0556:  ANDWF  31,F
....................    phai1 = (pes5&0x08) / 8; 
0558:  MOVF   24,W
055A:  ANDLW  08
055C:  MOVWF  00
055E:  RRCF   00,W
0560:  MOVWF  32
0562:  RRCF   32,F
0564:  RRCF   32,F
0566:  MOVLW  1F
0568:  ANDWF  32,F
....................    nut1 = (pes5&0x10) / 16; 
056A:  MOVF   24,W
056C:  ANDLW  10
056E:  MOVWF  00
0570:  SWAPF  00,W
0572:  MOVWF  35
0574:  MOVLW  0F
0576:  ANDWF  35,F
....................    nut2 = (pes5&0x20) / 32; 
0578:  MOVF   24,W
057A:  ANDLW  20
057C:  MOVWF  00
057E:  SWAPF  00,W
0580:  MOVWF  36
0582:  RRCF   36,F
0584:  MOVLW  07
0586:  ANDWF  36,F
....................    nut3 = (pes5&0x40) / 64; 
0588:  MOVF   24,W
058A:  ANDLW  40
058C:  MOVWF  00
058E:  SWAPF  00,W
0590:  MOVWF  37
0592:  RRCF   37,F
0594:  RRCF   37,F
0596:  MOVLW  03
0598:  ANDWF  37,F
....................    nut4 = (pes5&0x80) / 128; 
059A:  MOVF   24,W
059C:  ANDLW  80
059E:  CLRF   38
05A0:  BTFSC  FE8.7
05A2:  BSF    38.0
.................... } 
05A4:  RETLW  00
....................  
.................... /////////////////////////////////////////////// 
.................... #bit vant=porta.2 
.................... #bit vanp=porta.3 
.................... #bit van3=porta.1 
.................... #bit van4=porta.0 
.................... #bit trisvant=trisa.2 
.................... #bit trisvanp=trisa.3 
.................... #bit trisvan3=trisa.1 
.................... #bit trisvan4=trisa.0 
.................... #bit br1=porta.4 
.................... #bit br2=porta.5 
.................... #bit trisbr1 = trisa.4 
.................... #bit trisbr2 = trisa.5 
.................... #bit dir1=portc.3 
.................... #bit dir2=portc.0 
.................... #bit trisdir1 = trisc.3 
.................... #bit trisdir2 = trisc.0 
.................... #bit pwm1=portc.2 
.................... #bit pwm2=portc.1 
.................... #bit trispwm1 = trisc.2 
.................... #bit trispwm2 = trisc.1 
....................  
.................... void dcpt(INT16 x) 
.................... { 
....................    trispwm1 = trisdir1 = trisbr1 = 0; 
....................    dir1 = 1; 
....................    br1 = 0; 
....................    setup_timer_2 (t2_div_by_4, 255, 1); 
....................    setup_ccp1 (ccp_pwm); 
....................    set_pwm1_duty (x); 
.................... } 
....................  
.................... void dcpn(INT16 x) 
.................... { 
....................    trispwm1 = trisdir1 = trisbr1 = 0; 
05A6:  BCF    F92.4
05A8:  BCF    F94.3
05AA:  BCF    F94.2
....................    dir1 = 0; 
05AC:  BCF    F82.3
....................    br1 = 0; 
05AE:  BCF    F80.4
....................    setup_timer_2 (t2_div_by_4, 255, 1); 
05B0:  MOVLW  00
05B2:  IORLW  05
05B4:  MOVWF  FCA
05B6:  MOVLW  FF
05B8:  MOVWF  FCB
....................    setup_ccp1 (ccp_pwm); 
05BA:  BCF    F94.2
05BC:  BCF    F8B.2
05BE:  MOVLW  0C
05C0:  MOVWF  FBD
....................    set_pwm1_duty (x); 
05C2:  MOVFF  3A,02
05C6:  MOVFF  39,01
05CA:  RRCF   02,F
05CC:  RRCF   01,F
05CE:  RRCF   02,F
05D0:  RRCF   01,F
05D2:  RRCF   02,F
05D4:  MOVFF  01,FBE
05D8:  RRCF   02,F
05DA:  RRCF   02,W
05DC:  ANDLW  30
05DE:  MOVWF  00
05E0:  MOVF   FBD,W
05E2:  ANDLW  CF
05E4:  IORWF  00,W
05E6:  MOVWF  FBD
.................... } 
05E8:  GOTO   0746 (RETURN)
....................  
.................... void resetdcp() 
.................... { 
....................    trispwm1 = trisdir1 = trisbr1 = 0; 
05EC:  BCF    F92.4
05EE:  BCF    F94.3
05F0:  BCF    F94.2
....................    setup_timer_2 (t2_div_by_4, 255, 1); 
05F2:  MOVLW  00
05F4:  IORLW  05
05F6:  MOVWF  FCA
05F8:  MOVLW  FF
05FA:  MOVWF  FCB
....................    setup_ccp1 (ccp_pwm); 
05FC:  BCF    F94.2
05FE:  BCF    F8B.2
0600:  MOVLW  0C
0602:  MOVWF  FBD
....................    set_pwm1_duty (0); 
0604:  CLRF   FBE
....................    br1 = 1; 
0606:  BSF    F80.4
....................    dir1 = 0; 
0608:  BCF    F82.3
.................... } 
060A:  GOTO   074A (RETURN)
....................  
.................... void dctt(SIGNED INT16 x) 
.................... { 
....................    trispwm2 = trisdir2 = trisbr2 = 0; 
060E:  BCF    F92.5
0610:  BCF    F94.0
0612:  BCF    F94.1
....................    dir2 = 1; 
0614:  BSF    F82.0
....................    br2 = 0; 
0616:  BCF    F80.5
....................    setup_timer_2 (t2_div_by_4, 255, 1); 
0618:  MOVLW  00
061A:  IORLW  05
061C:  MOVWF  FCA
061E:  MOVLW  FF
0620:  MOVWF  FCB
....................    setup_ccp2 (ccp_pwm); 
0622:  BCF    F94.1
0624:  BCF    F8B.1
0626:  MOVLW  0C
0628:  MOVWF  FBA
....................    set_pwm2_duty (x); 
062A:  MOVFF  3A,02
062E:  MOVFF  39,01
0632:  RRCF   02,F
0634:  RRCF   01,F
0636:  RRCF   02,F
0638:  RRCF   01,F
063A:  RRCF   02,F
063C:  MOVFF  01,FBB
0640:  RRCF   02,F
0642:  RRCF   02,W
0644:  ANDLW  30
0646:  MOVWF  00
0648:  MOVF   FBA,W
064A:  ANDLW  CF
064C:  IORWF  00,W
064E:  MOVWF  FBA
.................... } 
0650:  RETLW  00
....................  
.................... void dctn(SIGNED INT16 x) 
.................... { 
....................    trispwm2 = trisdir2 = trisbr2 = 0; 
*
0672:  BCF    F92.5
0674:  BCF    F94.0
0676:  BCF    F94.1
....................    br2 = 0; 
0678:  BCF    F80.5
....................    dir2 = 0; 
067A:  BCF    F82.0
....................    setup_timer_2 (t2_div_by_4, 255, 1); 
067C:  MOVLW  00
067E:  IORLW  05
0680:  MOVWF  FCA
0682:  MOVLW  FF
0684:  MOVWF  FCB
....................    setup_ccp2 (ccp_pwm); 
0686:  BCF    F94.1
0688:  BCF    F8B.1
068A:  MOVLW  0C
068C:  MOVWF  FBA
....................    set_pwm2_duty (x); 
068E:  MOVFF  3A,02
0692:  MOVFF  39,01
0696:  RRCF   02,F
0698:  RRCF   01,F
069A:  RRCF   02,F
069C:  RRCF   01,F
069E:  RRCF   02,F
06A0:  MOVFF  01,FBB
06A4:  RRCF   02,F
06A6:  RRCF   02,W
06A8:  ANDLW  30
06AA:  MOVWF  00
06AC:  MOVF   FBA,W
06AE:  ANDLW  CF
06B0:  IORWF  00,W
06B2:  MOVWF  FBA
.................... } 
06B4:  GOTO   0804 (RETURN)
....................  
.................... void resetdct() 
.................... { 
....................    trispwm2 = trisdir2 = trisbr2 = 0; 
*
0652:  BCF    F92.5
0654:  BCF    F94.0
0656:  BCF    F94.1
....................    br2 = 1; 
0658:  BSF    F80.5
....................    dir2 = 0; 
065A:  BCF    F82.0
....................    setup_timer_2 (t2_div_by_4, 255, 1); 
065C:  MOVLW  00
065E:  IORLW  05
0660:  MOVWF  FCA
0662:  MOVLW  FF
0664:  MOVWF  FCB
....................    setup_ccp2 (ccp_pwm); 
0666:  BCF    F94.1
0668:  BCF    F8B.1
066A:  MOVLW  0C
066C:  MOVWF  FBA
....................    set_pwm2_duty (0); 
066E:  CLRF   FBB
.................... } 
0670:  RETLW  00
....................  
.................... /////////////////////////////////////////// 
.................... #bit ctp=portd.6 
.................... #bit ctt=portd.7 
.................... #bit trisctp=trisd.6 
.................... #bit trisctt=trisd.7 
....................  
.................... ////////////////////////////////////////////// 
.................... void main() 
.................... { 
*
06B8:  CLRF   FF8
06BA:  BCF    FD0.7
06BC:  BSF    07.7
06BE:  CLRF   FEA
06C0:  CLRF   FE9
06C2:  CLRF   1A
06C4:  CLRF   19
06C6:  CLRF   1C
06C8:  CLRF   1B
06CA:  CLRF   1E
06CC:  CLRF   1D
06CE:  CLRF   20
06D0:  CLRF   1F
06D2:  BCF    FB9.0
06D4:  BCF    FC1.6
06D6:  BCF    FC1.7
06D8:  MOVLW  00
06DA:  MOVWF  FB8
....................    lcd_init (); 
06DC:  BRA    02C8
....................    lcd_putc ("Ready..."); 
06DE:  MOVLW  02
06E0:  MOVWF  FF6
06E2:  MOVLW  01
06E4:  MOVWF  FF7
06E6:  RCALL  03A8
....................    delay_ms (500); 
06E8:  MOVLW  02
06EA:  MOVWF  39
06EC:  MOVLW  FA
06EE:  MOVWF  3C
06F0:  RCALL  0178
06F2:  DECFSZ 39,F
06F4:  BRA    06EC
....................    lcd_putc ('\f'); 
06F6:  MOVLW  0C
06F8:  MOVWF  3B
06FA:  RCALL  0356
....................    PORT_B_PULLUPS (0xff) ; 
06FC:  BCF    FF1.7
....................    setint () ; 
06FE:  BRA    03C8
....................  
....................    WHILE (true) 
....................    { 
....................        
....................       start = 1; 
0700:  MOVLW  01
0702:  MOVWF  2A
....................       WHILE (start == 1) {doctayPES (); lcd_gotoxy (0, 1); lcd_putc (" Ready1..."); if (select == 0) {trisvanp = 0; vanp = 0; trisvant = 0;  vant=0; } }; 
0704:  DECFSZ 2A,W
0706:  BRA    072A
0708:  RCALL  0470
070A:  CLRF   3C
070C:  MOVLW  01
070E:  MOVWF  3D
0710:  RCALL  0334
0712:  MOVLW  0C
0714:  MOVWF  FF6
0716:  MOVLW  01
0718:  MOVWF  FF7
071A:  RCALL  03A8
071C:  MOVF   29,F
071E:  BNZ   0728
0720:  BCF    F92.3
0722:  BCF    F80.3
0724:  BCF    F92.2
0726:  BCF    F80.2
0728:  BRA    0704
....................       lcd_putc ('\f'); 
072A:  MOVLW  0C
072C:  MOVWF  3B
072E:  RCALL  0356
....................       if (start == 0) {trisctp = 1; ctp=1; WHILE (ctp == 1){dcpn (400); }; resetdcp () ; start = 1; delay_ms (500);  }; 
0730:  MOVF   2A,F
0732:  BNZ   075C
0734:  BSF    F95.6
0736:  BSF    F83.6
0738:  BTFSS  F83.6
073A:  BRA    0748
073C:  MOVLW  01
073E:  MOVWF  3A
0740:  MOVLW  90
0742:  MOVWF  39
0744:  BRA    05A6
0746:  BRA    0738
0748:  BRA    05EC
074A:  MOVLW  01
074C:  MOVWF  2A
074E:  MOVLW  02
0750:  MOVWF  39
0752:  MOVLW  FA
0754:  MOVWF  3C
0756:  RCALL  0178
0758:  DECFSZ 39,F
075A:  BRA    0752
....................       WHILE (start == 1) {doctayPES (); lcd_gotoxy (0, 1); lcd_putc (" Ready2..."); if (select == 0) {trisvanp = 0; vanp = 0; trisvant = 0;  vant=0; } }; 
075C:  DECFSZ 2A,W
075E:  BRA    0782
0760:  RCALL  0470
0762:  CLRF   3C
0764:  MOVLW  01
0766:  MOVWF  3D
0768:  RCALL  0334
076A:  MOVLW  18
076C:  MOVWF  FF6
076E:  MOVLW  01
0770:  MOVWF  FF7
0772:  RCALL  03A8
0774:  MOVF   29,F
0776:  BNZ   0780
0778:  BCF    F92.3
077A:  BCF    F80.3
077C:  BCF    F92.2
077E:  BCF    F80.2
0780:  BRA    075C
....................       lcd_putc ('\f'); 
0782:  MOVLW  0C
0784:  MOVWF  3B
0786:  RCALL  0356
....................       if (start == 0) {trisctt = 1; ctt = 1; WHILE (ctt == 1) {dctt (400); }; resetdct(); start = 1; endatatn = 0; delay_ms (500);  }; 
0788:  MOVF   2A,F
078A:  BNZ   07B8
078C:  BSF    F95.7
078E:  BSF    F83.7
0790:  BTFSS  F83.7
0792:  BRA    07A0
0794:  MOVLW  01
0796:  MOVWF  3A
0798:  MOVLW  90
079A:  MOVWF  39
079C:  RCALL  060E
079E:  BRA    0790
07A0:  RCALL  0652
07A2:  MOVLW  01
07A4:  MOVWF  2A
07A6:  CLRF   20
07A8:  CLRF   1F
07AA:  MOVLW  02
07AC:  MOVWF  39
07AE:  MOVLW  FA
07B0:  MOVWF  3C
07B2:  RCALL  0178
07B4:  DECFSZ 39,F
07B6:  BRA    07AE
....................       WHILE (start == 1) {doctayPES (); lcd_gotoxy (0, 1); lcd_putc (" Ready3..."); if (select == 0) {trisvanp = 0; vanp = 0; trisvant = 0;  vant=0; } }; 
07B8:  DECFSZ 2A,W
07BA:  BRA    07DE
07BC:  RCALL  0470
07BE:  CLRF   3C
07C0:  MOVLW  01
07C2:  MOVWF  3D
07C4:  RCALL  0334
07C6:  MOVLW  24
07C8:  MOVWF  FF6
07CA:  MOVLW  01
07CC:  MOVWF  FF7
07CE:  RCALL  03A8
07D0:  MOVF   29,F
07D2:  BNZ   07DC
07D4:  BCF    F92.3
07D6:  BCF    F80.3
07D8:  BCF    F92.2
07DA:  BCF    F80.2
07DC:  BRA    07B8
....................       lcd_putc ('\f'); 
07DE:  MOVLW  0C
07E0:  MOVWF  3B
07E2:  RCALL  0356
....................        
....................       if (start == 0) {endatatn = 0; WHILE (endatatn < 50) {dctn (400); }; resetdct (); start = 1; delay_ms (500);  }; 
07E4:  MOVF   2A,F
07E6:  BNZ   081A
07E8:  CLRF   20
07EA:  CLRF   1F
07EC:  BTFSC  20.7
07EE:  BRA    07FA
07F0:  MOVF   20,F
07F2:  BNZ   0806
07F4:  MOVF   1F,W
07F6:  SUBLW  31
07F8:  BNC   0806
07FA:  MOVLW  01
07FC:  MOVWF  3A
07FE:  MOVLW  90
0800:  MOVWF  39
0802:  BRA    0672
0804:  BRA    07EC
0806:  RCALL  0652
0808:  MOVLW  01
080A:  MOVWF  2A
080C:  MOVLW  02
080E:  MOVWF  39
0810:  MOVLW  FA
0812:  MOVWF  3C
0814:  RCALL  0178
0816:  DECFSZ 39,F
0818:  BRA    0810
....................       WHILE (start == 1) {doctayPES (); lcd_gotoxy (0, 1); lcd_putc (" Ready4..."); if (select == 0) {trisvanp = 0; vanp = 0; trisvant = 0;  vant=0; } }; 
081A:  DECFSZ 2A,W
081C:  BRA    0840
081E:  RCALL  0470
0820:  CLRF   3C
0822:  MOVLW  01
0824:  MOVWF  3D
0826:  RCALL  0334
0828:  MOVLW  30
082A:  MOVWF  FF6
082C:  MOVLW  01
082E:  MOVWF  FF7
0830:  RCALL  03A8
0832:  MOVF   29,F
0834:  BNZ   083E
0836:  BCF    F92.3
0838:  BCF    F80.3
083A:  BCF    F92.2
083C:  BCF    F80.2
083E:  BRA    081A
....................       lcd_putc ('\f'); 
0840:  MOVLW  0C
0842:  MOVWF  3B
0844:  RCALL  0356
....................        
....................       IF (start == 0) {trisvant = 0; vant = 0; start = 1; delay_ms (500); }; //mo van trai 
0846:  MOVF   2A,F
0848:  BNZ   0860
084A:  BCF    F92.2
084C:  BCF    F80.2
084E:  MOVLW  01
0850:  MOVWF  2A
0852:  MOVLW  02
0854:  MOVWF  39
0856:  MOVLW  FA
0858:  MOVWF  3C
085A:  RCALL  0178
085C:  DECFSZ 39,F
085E:  BRA    0856
....................       WHILE (start == 1) {doctayPES (); lcd_gotoxy (0, 1); lcd_putc (" Ready5..."); if (select == 0) {trisvanp = 0; vanp = 0; trisvant = 0;  vant=0; }  }; 
0860:  DECFSZ 2A,W
0862:  BRA    0886
0864:  RCALL  0470
0866:  CLRF   3C
0868:  MOVLW  01
086A:  MOVWF  3D
086C:  RCALL  0334
086E:  MOVLW  3C
0870:  MOVWF  FF6
0872:  MOVLW  01
0874:  MOVWF  FF7
0876:  RCALL  03A8
0878:  MOVF   29,F
087A:  BNZ   0884
087C:  BCF    F92.3
087E:  BCF    F80.3
0880:  BCF    F92.2
0882:  BCF    F80.2
0884:  BRA    0860
....................       lcd_putc ('\f'); 
0886:  MOVLW  0C
0888:  MOVWF  3B
088A:  RCALL  0356
....................       IF (start == 0) {trisvant = 0; vant = 1; start = 1; delay_ms (500); }; //dong van trai 
088C:  MOVF   2A,F
088E:  BNZ   08A6
0890:  BCF    F92.2
0892:  BSF    F80.2
0894:  MOVLW  01
0896:  MOVWF  2A
0898:  MOVLW  02
089A:  MOVWF  39
089C:  MOVLW  FA
089E:  MOVWF  3C
08A0:  RCALL  0178
08A2:  DECFSZ 39,F
08A4:  BRA    089C
....................       WHILE (start == 1) {doctayPES (); lcd_gotoxy (0, 1); lcd_putc (" Ready6..."); if (select == 0) {trisvanp = 0; vanp = 0; trisvant = 0;  vant=0; }  }; 
08A6:  DECFSZ 2A,W
08A8:  BRA    08CC
08AA:  RCALL  0470
08AC:  CLRF   3C
08AE:  MOVLW  01
08B0:  MOVWF  3D
08B2:  RCALL  0334
08B4:  MOVLW  48
08B6:  MOVWF  FF6
08B8:  MOVLW  01
08BA:  MOVWF  FF7
08BC:  RCALL  03A8
08BE:  MOVF   29,F
08C0:  BNZ   08CA
08C2:  BCF    F92.3
08C4:  BCF    F80.3
08C6:  BCF    F92.2
08C8:  BCF    F80.2
08CA:  BRA    08A6
....................       lcd_putc ('\f'); 
08CC:  MOVLW  0C
08CE:  MOVWF  3B
08D0:  RCALL  0356
....................       IF (start == 0) {trisvanp = 0; vanp = 0; start = 1; delay_ms (500); }; //mo van phai 
08D2:  MOVF   2A,F
08D4:  BNZ   08EC
08D6:  BCF    F92.3
08D8:  BCF    F80.3
08DA:  MOVLW  01
08DC:  MOVWF  2A
08DE:  MOVLW  02
08E0:  MOVWF  39
08E2:  MOVLW  FA
08E4:  MOVWF  3C
08E6:  RCALL  0178
08E8:  DECFSZ 39,F
08EA:  BRA    08E2
....................       WHILE (start == 1) {doctayPES (); lcd_gotoxy (0, 1); lcd_putc (" Ready7..."); if (select == 0) {trisvanp = 0; vanp = 0; trisvant = 0;  vant=0; }  }; 
08EC:  DECFSZ 2A,W
08EE:  BRA    0912
08F0:  RCALL  0470
08F2:  CLRF   3C
08F4:  MOVLW  01
08F6:  MOVWF  3D
08F8:  RCALL  0334
08FA:  MOVLW  54
08FC:  MOVWF  FF6
08FE:  MOVLW  01
0900:  MOVWF  FF7
0902:  RCALL  03A8
0904:  MOVF   29,F
0906:  BNZ   0910
0908:  BCF    F92.3
090A:  BCF    F80.3
090C:  BCF    F92.2
090E:  BCF    F80.2
0910:  BRA    08EC
....................       lcd_putc ('\f'); 
0912:  MOVLW  0C
0914:  MOVWF  3B
0916:  RCALL  0356
....................        
....................       if (start == 0) {trisctt = 1; ctt = 1; WHILE (ctt == 1) {dctt (400); }; resetdct(); start = 1; delay_ms (500);  }; 
0918:  MOVF   2A,F
091A:  BNZ   0944
091C:  BSF    F95.7
091E:  BSF    F83.7
0920:  BTFSS  F83.7
0922:  BRA    0930
0924:  MOVLW  01
0926:  MOVWF  3A
0928:  MOVLW  90
092A:  MOVWF  39
092C:  RCALL  060E
092E:  BRA    0920
0930:  RCALL  0652
0932:  MOVLW  01
0934:  MOVWF  2A
0936:  MOVLW  02
0938:  MOVWF  39
093A:  MOVLW  FA
093C:  MOVWF  3C
093E:  RCALL  0178
0940:  DECFSZ 39,F
0942:  BRA    093A
....................       WHILE (start == 1) {doctayPES (); lcd_gotoxy (0, 1); lcd_putc (" Ready8..."); if (select == 0) {trisvanp = 0; vanp = 0; trisvant = 0;  vant=0; }  }; 
0944:  DECFSZ 2A,W
0946:  BRA    096A
0948:  RCALL  0470
094A:  CLRF   3C
094C:  MOVLW  01
094E:  MOVWF  3D
0950:  RCALL  0334
0952:  MOVLW  60
0954:  MOVWF  FF6
0956:  MOVLW  01
0958:  MOVWF  FF7
095A:  RCALL  03A8
095C:  MOVF   29,F
095E:  BNZ   0968
0960:  BCF    F92.3
0962:  BCF    F80.3
0964:  BCF    F92.2
0966:  BCF    F80.2
0968:  BRA    0944
....................       lcd_putc ('\f'); 
096A:  MOVLW  0C
096C:  MOVWF  3B
096E:  RCALL  0356
....................        
....................       IF (start == 0) {trisvanp = 0; vanp = 1; start = 1; delay_ms (500); }; //dong van phai 
0970:  MOVF   2A,F
0972:  BNZ   098C
0974:  BCF    F92.3
0976:  BSF    F80.3
0978:  MOVLW  01
097A:  MOVWF  2A
097C:  MOVLW  02
097E:  MOVWF  39
0980:  MOVLW  FA
0982:  MOVWF  3C
0984:  CALL   0178
0988:  DECFSZ 39,F
098A:  BRA    0980
....................       WHILE (start == 1) {doctayPES (); lcd_gotoxy (0, 1); lcd_putc (" Ready9..."); if (select == 0) {trisvanp = 0; vanp = 0; trisvant = 0;  vant=0; } }; 
098C:  DECFSZ 2A,W
098E:  BRA    09B2
0990:  RCALL  0470
0992:  CLRF   3C
0994:  MOVLW  01
0996:  MOVWF  3D
0998:  RCALL  0334
099A:  MOVLW  6C
099C:  MOVWF  FF6
099E:  MOVLW  01
09A0:  MOVWF  FF7
09A2:  RCALL  03A8
09A4:  MOVF   29,F
09A6:  BNZ   09B0
09A8:  BCF    F92.3
09AA:  BCF    F80.3
09AC:  BCF    F92.2
09AE:  BCF    F80.2
09B0:  BRA    098C
....................       lcd_putc ('\f'); 
09B2:  MOVLW  0C
09B4:  MOVWF  3B
09B6:  RCALL  0356
....................       IF (start == 0) { while(true) {} }; 
09B8:  MOVF   2A,F
09BA:  BTFSC  FD8.2
09BC:  BRA    09BC
....................    } 
09BE:  BRA    0700
.................... } 
....................  
09C0:  SLEEP 

Configuration Fuses:
   Word  1: C200   HS FCMEN IESO
   Word  2: 3E0C   PUT NOBROWNOUT BORRES NOWDT WDT32768 NOWINEN
   Word  3: 9D3C   NOPWMPIN LPOL_HIGH HPOL_HIGH T1LOWPOWER FLTAC1 SSP_RC PWM4B5 EXCLKC3 MCLR
   Word  4: 0081   STVREN NOLVP NODEBUG
   Word  5: C000   PROTECT NOCPB NOCPD
   Word  6: E00F   NOWRT NOWRTC NOWRTB NOWRTD
   Word  7: 400F   NOEBTR NOEBTRB
