CCS PCM C Compiler, Version 4.114, 93460303               27-Dec-13 15:35

               Filename: F:\Robocon 2014\Lap trinh design\thurobottd27-12\thutd.lst

               ROM used: 793 words (10%)
                         Largest free fragment is 2048
               RAM used: 30 (8%) at main() level
                         44 (12%) worst case
               Stack:    5 locations

*
0000:  MOVLW  02
0001:  MOVWF  0A
0002:  GOTO   2A9
0003:  NOP
.................... #include <thutd.h> 
.................... #include <16F887.h> 
.................... //////// Standard Header file for the PIC16F887 device //////////////// 
.................... #device PIC16F887 
.................... #list 
....................  
....................  
.................... #FUSES NOWDT                 	//No Watch Dog Timer 
.................... #FUSES HS                    	//High speed Osc (> 4mhz for PCM/PCH) (>10mhz for PCD) 
.................... #FUSES NOPUT                 	//No Power Up Timer 
.................... #FUSES MCLR                  	//Master Clear pin enabled 
.................... #FUSES NOPROTECT             	//Code not protected from reading 
.................... #FUSES NOCPD                 	//No EE protection 
.................... #FUSES NOBROWNOUT            	//No brownout reset 
.................... #FUSES IESO                  	//Internal External Switch Over mode enabled 
.................... #FUSES FCMEN                 	//Fail-safe clock monitor enabled 
.................... #FUSES NOLVP                 	//No low voltage prgming, B3(PIC16) or B5(PIC18) used for I/O 
.................... #FUSES NODEBUG               	//No Debug mode for ICD 
.................... #FUSES BORV40                	//Brownout reset at 4.0V 
.................... #FUSES NOWRT                 	//Program memory not write protected 
....................  
.................... #use delay(clock=20000000) 
*
0020:  MOVLW  3D
0021:  MOVWF  04
0022:  BCF    03.7
0023:  MOVF   00,W
0024:  BTFSC  03.2
0025:  GOTO   033
0026:  MOVLW  06
0027:  MOVWF  78
0028:  CLRF   77
0029:  DECFSZ 77,F
002A:  GOTO   029
002B:  DECFSZ 78,F
002C:  GOTO   028
002D:  MOVLW  7B
002E:  MOVWF  77
002F:  DECFSZ 77,F
0030:  GOTO   02F
0031:  DECFSZ 00,F
0032:  GOTO   026
0033:  RETURN
....................  
....................  
.................... #include <PIC16F887_registers.h> 
.................... #byte MCU_INDF = 0x000 
.................... #byte MCU_TMR0 = 0x001 
.................... #byte MCU_PCL = 0x002 
.................... #byte MCU_STATUS = 0x003 
.................... #bit    MCU_DC = MCU_STATUS.1 
.................... #bit    MCU_PD = MCU_STATUS.3 
.................... #bit    MCU_TO = MCU_STATUS.4 
.................... #bit    MCU_RP0 = MCU_STATUS.5 
.................... #bit    MCU_RP1 = MCU_STATUS.6 
.................... #bit    MCU_IRP = MCU_STATUS.7 
.................... #byte MCU_FSR = 0x004 
.................... #byte MCU_PORTA = 0x005 
.................... #byte MCU_PORTB = 0x006 
.................... #byte MCU_PORTC = 0x007 
.................... #byte MCU_PORTD = 0x008 
.................... #byte MCU_PORTE = 0x009 
.................... #byte MCU_PCLATH = 0x00A 
.................... #byte MCU_INTCON = 0x00B 
.................... #bit    MCU_RBIF = MCU_INTCON.0 
.................... #bit    MCU_INTF = MCU_INTCON.1 
.................... #bit    MCU_T0IF = MCU_INTCON.2 
.................... #bit    MCU_RBIE = MCU_INTCON.3 
.................... #bit    MCU_INTE = MCU_INTCON.4 
.................... #bit    MCU_T0IE = MCU_INTCON.5 
.................... #bit    MCU_PEIE = MCU_INTCON.6 
.................... #bit    MCU_GIE = MCU_INTCON.7 
.................... #byte MCU_PIR1 = 0x00C 
.................... #bit    MCU_TMR1IF = MCU_PIR1.0 
.................... #bit    MCU_TMR2IF = MCU_PIR1.1 
.................... #bit    MCU_CCP1IF = MCU_PIR1.2 
.................... #bit    MCU_SSPIF = MCU_PIR1.3 
.................... #bit    MCU_TXIF = MCU_PIR1.4 
.................... #bit    MCU_RCIF = MCU_PIR1.5 
.................... #bit    MCU_ADIF = MCU_PIR1.6 
.................... #byte MCU_PIR2 = 0x00D 
.................... #bit    MCU_CCP2IF = MCU_PIR2.0 
.................... #bit    MCU_ULPWUIF = MCU_PIR2.2 
.................... #bit    MCU_BCLIF = MCU_PIR2.3 
.................... #bit    MCU_EEIF = MCU_PIR2.4 
.................... #bit    MCU_C1IF = MCU_PIR2.5 
.................... #bit    MCU_C2IF = MCU_PIR2.6 
.................... #bit    MCU_OSFIF = MCU_PIR2.7 
.................... #word MCU_TMR1 = 0x00E 
.................... #byte MCU_T1CON = 0x010 
.................... #bit    MCU_TMR1ON = MCU_T1CON.0 
.................... #bit    MCU_TMR1CS = MCU_T1CON.1 
.................... #bit    MCU_T1SYNC = MCU_T1CON.2 
.................... #bit    MCU_T1OSCEN = MCU_T1CON.3 
.................... #bit    MCU_T1CKPS0 = MCU_T1CON.4 
.................... #bit    MCU_T1CKPS1 = MCU_T1CON.5 
.................... #bit    MCU_TMR1GE = MCU_T1CON.6 
.................... #bit    MCU_T1GINV = MCU_T1CON.7 
.................... #byte MCU_TMR2 = 0x011 
.................... #byte MCU_T2CON = 0x012 
.................... #bit    MCU_T2CKPS0 = MCU_T2CON.0 
.................... #bit    MCU_T2CKPS1 = MCU_T2CON.1 
.................... #bit    MCU_TMR2ON = MCU_T2CON.2 
.................... #bit    MCU_TOUTPS0 = MCU_T2CON.3 
.................... #bit    MCU_TOUTPS1 = MCU_T2CON.4 
.................... #bit    MCU_TOUTPS2 = MCU_T2CON.5 
.................... #bit    MCU_TOUTPS3 = MCU_T2CON.6 
.................... #byte MCU_SSPBUF = 0x013 
.................... #byte MCU_SSPCON = 0x014 
.................... #bit    MCU_SSPM0 = MCU_SSPCON.0 
.................... #bit    MCU_SSPM1 = MCU_SSPCON.1 
.................... #bit    MCU_SSPM2 = MCU_SSPCON.2 
.................... #bit    MCU_SSPM3 = MCU_SSPCON.3 
.................... #bit    MCU_CKP = MCU_SSPCON.4 
.................... #bit    MCU_SSPEN = MCU_SSPCON.5 
.................... #bit    MCU_SSPOV = MCU_SSPCON.6 
.................... #bit    MCU_WCOL = MCU_SSPCON.7 
.................... #word MCU_CCPR1 = 0x015 
.................... #byte MCU_CCP1CON = 0x017 
.................... #bit    MCU_CCP1M0 = MCU_CCP1CON.0 
.................... #bit    MCU_CCP1M1 = MCU_CCP1CON.1 
.................... #bit    MCU_CCP1M2 = MCU_CCP1CON.2 
.................... #bit    MCU_CCP1M3 = MCU_CCP1CON.3 
.................... #bit    MCU_DC1B0 = MCU_CCP1CON.4 
.................... #bit    MCU_DC1B1 = MCU_CCP1CON.5 
.................... #bit    MCU_P1M0 = MCU_CCP1CON.6 
.................... #bit    MCU_P1M1 = MCU_CCP1CON.7 
.................... #byte MCU_RCSTA = 0x018 
.................... #bit    MCU_RX9D = MCU_RCSTA.0 
.................... #bit    MCU_OERR = MCU_RCSTA.1 
.................... #bit    MCU_FERR = MCU_RCSTA.2 
.................... #bit    MCU_ADDEN = MCU_RCSTA.3 
.................... #bit    MCU_CREN = MCU_RCSTA.4 
.................... #bit    MCU_SREN = MCU_RCSTA.5 
.................... #bit    MCU_RX9 = MCU_RCSTA.6 
.................... #bit    MCU_SPEN = MCU_RCSTA.7 
.................... #byte MCU_TXREG = 0x019 
.................... #byte MCU_RCREG = 0x01A 
.................... #word MCU_CCPR2 = 0x01B 
.................... #byte MCU_CCP2CON = 0x01D 
.................... #bit    MCU_CCP2M0 = MCU_CCP2CON.0 
.................... #bit    MCU_CCP2M1 = MCU_CCP2CON.1 
.................... #bit    MCU_CCP2M2 = MCU_CCP2CON.2 
.................... #bit    MCU_CCP2M3 = MCU_CCP2CON.3 
.................... #bit    MCU_DC2B0 = MCU_CCP2CON.4 
.................... #bit    MCU_DC2B1 = MCU_CCP2CON.5 
.................... #byte MCU_ADRESH = 0x01E 
.................... #byte MCU_ADCON0 = 0x01F 
.................... #bit    MCU_ADON = MCU_ADCON0.0 
.................... #bit    MCU_GO = MCU_ADCON0.1 
.................... #bit    MCU_CHS0 = MCU_ADCON0.2 
.................... #bit    MCU_CHS1 = MCU_ADCON0.3 
.................... #bit    MCU_CHS2 = MCU_ADCON0.4 
.................... #bit    MCU_CHS3 = MCU_ADCON0.5 
.................... #bit    MCU_ADCS0 = MCU_ADCON0.6 
.................... #bit    MCU_ADCS1 = MCU_ADCON0.7 
.................... #byte MCU_OPTION_REG = 0x081 
.................... #bit    MCU_PS0 = MCU_OPTION_REG.0 
.................... #bit    MCU_PS1 = MCU_OPTION_REG.1 
.................... #bit    MCU_PS2 = MCU_OPTION_REG.2 
.................... #bit    MCU_PSA = MCU_OPTION_REG.3 
.................... #bit    MCU_T0SE = MCU_OPTION_REG.4 
.................... #bit    MCU_T0CS = MCU_OPTION_REG.5 
.................... #bit    MCU_INTEDG = MCU_OPTION_REG.6 
.................... #bit    MCU_RBPU = MCU_OPTION_REG.7 
.................... #byte MCU_TRISA = 0x085 
.................... #byte MCU_TRISB = 0x086 
.................... #byte MCU_TRISC = 0x087 
.................... #byte MCU_TRISD = 0x088 
.................... #byte MCU_TRISE = 0x089 
.................... #byte MCU_PIE1 = 0x08C 
.................... #bit    MCU_TMR1IE = MCU_PIE1.0 
.................... #bit    MCU_TMR2IE = MCU_PIE1.1 
.................... #bit    MCU_CCP1IE = MCU_PIE1.2 
.................... #bit    MCU_SSPIE = MCU_PIE1.3 
.................... #bit    MCU_TXIE = MCU_PIE1.4 
.................... #bit    MCU_RCIE = MCU_PIE1.5 
.................... #bit    MCU_ADIE = MCU_PIE1.6 
.................... #byte MCU_PIE2 = 0x08D 
.................... #bit    MCU_CCP2IE = MCU_PIE2.0 
.................... #bit    MCU_ULPWUIE = MCU_PIE2.2 
.................... #bit    MCU_BCLIE = MCU_PIE2.3 
.................... #bit    MCU_EEIE = MCU_PIE2.4 
.................... #bit    MCU_C1IE = MCU_PIE2.5 
.................... #bit    MCU_C2IE = MCU_PIE2.6 
.................... #bit    MCU_OSFIE = MCU_PIE2.7 
.................... #byte MCU_PCON = 0x08E 
.................... #bit    MCU_BOR = MCU_PCON.0 
.................... #bit    MCU_POR = MCU_PCON.1 
.................... #bit    MCU_SBOREN = MCU_PCON.4 
.................... #bit    MCU_ULPWUE = MCU_PCON.5 
.................... #byte MCU_OSCCON = 0x08F 
.................... #bit    MCU_SCS = MCU_OSCCON.0 
.................... #bit    MCU_LTS = MCU_OSCCON.1 
.................... #bit    MCU_HTS = MCU_OSCCON.2 
.................... #bit    MCU_OSTS = MCU_OSCCON.3 
.................... #bit    MCU_IRFC0 = MCU_OSCCON.4 
.................... #bit    MCU_IRFC1 = MCU_OSCCON.5 
.................... #bit    MCU_IRFC2 = MCU_OSCCON.6 
.................... #byte MCU_OSCTUNE = 0x090 
.................... #byte MCU_SSPCON2 = 0x091 
.................... #bit    MCU_SEN = MCU_SSPCON2.0 
.................... #bit    MCU_RSEN = MCU_SSPCON2.1 
.................... #bit    MCU_PEN = MCU_SSPCON2.2 
.................... #bit    MCU_RCEN = MCU_SSPCON2.3 
.................... #bit    MCU_ACKEN = MCU_SSPCON2.4 
.................... #bit    MCU_ACKDT = MCU_SSPCON2.5 
.................... #bit    MCU_ACKSTAT = MCU_SSPCON2.6 
.................... #bit    MCU_GCEN = MCU_SSPCON2.7 
.................... #byte MCU_PR2 = 0x092 
.................... #byte MCU_SSPADD = 0x093 
.................... #byte MCU_SSPMSK = 0x093 
.................... #byte MCU_SSPSTAT = 0x094 
.................... #bit    MCU_BF = MCU_SSPSTAT.0 
.................... #bit    MCU_UA = MCU_SSPSTAT.1 
.................... #bit    MCU_CKE = MCU_SSPSTAT.6 
.................... #bit    MCU_SMP = MCU_SSPSTAT.7 
.................... #byte MCU_WPUB = 0x095 
.................... #byte MCU_IOCB = 0x096 
.................... #byte MCU_VRCON = 0x097 
.................... #bit    MCU_VR0 = MCU_VRCON.0 
.................... #bit    MCU_VR1 = MCU_VRCON.1 
.................... #bit    MCU_VR2 = MCU_VRCON.2 
.................... #bit    MCU_VR3 = MCU_VRCON.3 
.................... #bit    MCU_VRSS = MCU_VRCON.4 
.................... #bit    MCU_VRR = MCU_VRCON.5 
.................... #bit    MCU_VROE = MCU_VRCON.6 
.................... #bit    MCU_VREN = MCU_VRCON.7 
.................... #byte MCU_TXSTA = 0x098 
.................... #bit    MCU_TX9D = MCU_TXSTA.0 
.................... #bit    MCU_TRMT = MCU_TXSTA.1 
.................... #bit    MCU_BRGH = MCU_TXSTA.2 
.................... #bit    MCU_SENDB = MCU_TXSTA.3 
.................... #bit    MCU_SYNC = MCU_TXSTA.4 
.................... #bit    MCU_TXEN = MCU_TXSTA.5 
.................... #bit    MCU_TX9 = MCU_TXSTA.6 
.................... #bit    MCU_CSRC = MCU_TXSTA.7 
.................... #byte MCU_SPBRG = 0x099 
.................... #byte MCU_SPBRGH = 0x09A 
.................... #byte MCU_PWM1CON = 0x09B 
.................... #bit    MCU_PDC0 = MCU_PWM1CON.0 
.................... #bit    MCU_PDC1 = MCU_PWM1CON.1 
.................... #bit    MCU_PDC2 = MCU_PWM1CON.2 
.................... #bit    MCU_PDC3 = MCU_PWM1CON.3 
.................... #bit    MCU_PDC4 = MCU_PWM1CON.4 
.................... #bit    MCU_PDC5 = MCU_PWM1CON.5 
.................... #bit    MCU_PDC6 = MCU_PWM1CON.6 
.................... #bit    MCU_PRSEN = MCU_PWM1CON.7 
.................... #byte MCU_ECCPAS = 0x09C 
.................... #bit    MCU_PSSBD0 = MCU_ECCPAS.0 
.................... #bit    MCU_PSSBD1 = MCU_ECCPAS.1 
.................... #bit    MCU_PSSAC0 = MCU_ECCPAS.2 
.................... #bit    MCU_PSSAC1 = MCU_ECCPAS.3 
.................... #bit    MCU_ECCPAS0 = MCU_ECCPAS.4 
.................... #bit    MCU_ECCPAS1 = MCU_ECCPAS.5 
.................... #bit    MCU_ECCPAS2 = MCU_ECCPAS.6 
.................... #bit    MCU_ECCPASE = MCU_ECCPAS.7 
.................... #byte MCU_PSTRCON = 0x09D 
.................... #bit    MCU_STRA = MCU_PSTRCON.0 
.................... #bit    MCU_STRB = MCU_PSTRCON.1 
.................... #bit    MCU_STRC = MCU_PSTRCON.2 
.................... #bit    MCU_STRD = MCU_PSTRCON.3 
.................... #bit    MCU_STRSYNC = MCU_PSTRCON.4 
.................... #byte MCU_ADRESL = 0x09E 
.................... #byte MCU_ADCON1 = 0x09F 
.................... #bit    MCU_VCFG0 = MCU_ADCON1.4 
.................... #bit    MCU_VCFG1 = MCU_ADCON1.5 
.................... #bit    MCU_ADFM = MCU_ADCON1.7 
.................... #byte MCU_WDTCON = 0x105 
.................... #bit    MCU_SWDTEN = MCU_WDTCON.0 
.................... #bit    MCU_WDTPS0 = MCU_WDTCON.1 
.................... #bit    MCU_WDTPS1 = MCU_WDTCON.2 
.................... #bit    MCU_WDTPS2 = MCU_WDTCON.3 
.................... #bit    MCU_WDTPS3 = MCU_WDTCON.4 
.................... #byte MCU_CM1CON0 = 0x107 
.................... #bit    MCU_C1CH0 = MCU_CM1CON0.0 
.................... #bit    MCU_C1CH1 = MCU_CM1CON0.1 
.................... #bit    MCU_C1R = MCU_CM1CON0.2 
.................... #bit    MCU_C1POL = MCU_CM1CON0.4 
.................... #bit    MCU_C1OE = MCU_CM1CON0.5 
.................... #bit    MCU_C1OUT = MCU_CM1CON0.6 
.................... #bit    MCU_C1ON = MCU_CM1CON0.7 
.................... #byte MCU_CM2CON0 = 0x108 
.................... #bit    MCU_C2CH0 = MCU_CM2CON0.0 
.................... #bit    MCU_C2CH1 = MCU_CM2CON0.1 
.................... #bit    MCU_C2R = MCU_CM2CON0.2 
.................... #bit    MCU_C2POL = MCU_CM2CON0.4 
.................... #bit    MCU_C2OE = MCU_CM2CON0.5 
.................... #bit    MCU_C2OUT = MCU_CM2CON0.6 
.................... #bit    MCU_C2ON = MCU_CM2CON0.7 
.................... #byte MCU_CM2CON1 = 0x109 
.................... #bit    MCU_C2SYNC = MCU_CM2CON1.0 
.................... #bit    MCU_T1GSS = MCU_CM2CON1.1 
.................... #bit    MCU_C2RSEL = MCU_CM2CON1.4 
.................... #bit    MCU_C1RSEL = MCU_CM2CON1.5 
.................... #bit    MCU_MC2OUT = MCU_CM2CON1.6 
.................... #bit    MCU_MC1OUT = MCU_CM2CON1.7 
.................... #byte MCU_EEDATA = 0x10C 
.................... #byte MCU_EEADR = 0x10D 
.................... #byte MCU_EEDATH = 0x10E 
.................... #byte MCU_EEADRH = 0x10F 
.................... #byte MCU_SRCON = 0x185 
.................... #bit    MCU_FVREN = MCU_SRCON.0 
.................... #bit    MCU_PULSR = MCU_SRCON.2 
.................... #bit    MCU_PULSS = MCU_SRCON.3 
.................... #bit    MCU_C2REN = MCU_SRCON.4 
.................... #bit    MCU_C1SEN = MCU_SRCON.5 
.................... #bit    MCU_SR0 = MCU_SRCON.6 
.................... #bit    MCU_SR1 = MCU_SRCON.7 
.................... #byte MCU_BAUDCTL = 0x187 
.................... #bit    MCU_ABDEN = MCU_BAUDCTL.0 
.................... #bit    MCU_WUE = MCU_BAUDCTL.1 
.................... #bit    MCU_BRG16 = MCU_BAUDCTL.3 
.................... #bit    MCU_SCKP = MCU_BAUDCTL.4 
.................... #bit    MCU_RCIDL = MCU_BAUDCTL.6 
.................... #bit    MCU_ABDOVF = MCU_BAUDCTL.7 
.................... #byte MCU_ANSEL = 0x188 
.................... #byte MCU_ANSELH = 0x189 
.................... #bit    MCU_ANS8 = MCU_ANSELH.0 
.................... #bit    MCU_ANS9 = MCU_ANSELH.1 
.................... #bit    MCU_ANS10 = MCU_ANSELH.2 
.................... #bit    MCU_ANS11 = MCU_ANSELH.3 
.................... #bit    MCU_ANS12 = MCU_ANSELH.4 
.................... #bit    MCU_ANS13 = MCU_ANSELH.5 
.................... #byte MCU_EECON1 = 0x18C 
.................... #bit    MCU_RD = MCU_EECON1.0 
.................... #bit    MCU_WR = MCU_EECON1.1 
.................... #bit    MCU_WREN = MCU_EECON1.2 
.................... #bit    MCU_WRERR = MCU_EECON1.3 
.................... #bit    MCU_EEPGD = MCU_EECON1.7 
.................... #byte MCU_EECON2 = 0x18D 
....................  
.................... #define LCD_RS_PIN      PIN_E0                                  
.................... #define LCD_RW_PIN      PIN_E1     
.................... #define LCD_ENABLE_PIN  PIN_E2                                                               
.................... #define LCD_DATA4       PIN_D0                                  
.................... #define LCD_DATA5       PIN_D1                                   
.................... #define LCD_DATA6       PIN_D2                                    
.................... #define LCD_DATA7       PIN_D3 
.................... #include <lcd.c> 
.................... /////////////////////////////////////////////////////////////////////////////// 
.................... ////                             LCD.C                                     //// 
.................... ////                 Driver for common LCD modules                         //// 
.................... ////                                                                       //// 
.................... ////  lcd_init()   Must be called before any other function.               //// 
.................... ////                                                                       //// 
.................... ////  lcd_putc(c)  Will display c on the next position of the LCD.         //// 
.................... ////                 \a  Set cursor position to upper left                 //// 
.................... ////                 \f  Clear display, set cursor to upper left           //// 
.................... ////                 \n  Go to start of second line                        //// 
.................... ////                 \b  Move back one position                            //// 
.................... ////              If LCD_EXTENDED_NEWLINE is defined, the \n character     //// 
.................... ////              will erase all remanining characters on the current      //// 
.................... ////              line, and move the cursor to the beginning of the next   //// 
.................... ////              line.                                                    //// 
.................... ////              If LCD_EXTENDED_NEWLINE is defined, the \r character     //// 
.................... ////              will move the cursor to the start of the current         //// 
.................... ////              line.                                                    //// 
.................... ////                                                                       //// 
.................... ////  lcd_gotoxy(x,y) Set write position on LCD (upper left is 1,1)        //// 
.................... ////                                                                       //// 
.................... ////  lcd_getc(x,y)   Returns character at position x,y on LCD             //// 
.................... ////                                                                       //// 
.................... ////  CONFIGURATION                                                        //// 
.................... ////  The LCD can be configured in one of two ways: a.) port access or     //// 
.................... ////  b.) pin access.  Port access requires the entire 7 bit interface     //// 
.................... ////  connected to one GPIO port, and the data bits (D4:D7 of the LCD)     //// 
.................... ////  connected to sequential pins on the GPIO.  Pin access                //// 
.................... ////  has no requirements, all 7 bits of the control interface can         //// 
.................... ////  can be connected to any GPIO using several ports.                    //// 
.................... ////                                                                       //// 
.................... ////  To use port access, #define LCD_DATA_PORT to the SFR location of     //// 
.................... ////  of the GPIO port that holds the interface, -AND- edit LCD_PIN_MAP    //// 
.................... ////  of this file to configure the pin order.  If you are using a         //// 
.................... ////  baseline PIC (PCB), then LCD_OUTPUT_MAP and LCD_INPUT_MAP also must  //// 
.................... ////  be defined.                                                          //// 
.................... ////                                                                       //// 
.................... ////  Example of port access:                                              //// 
.................... ////     #define LCD_DATA_PORT getenv("SFR:PORTD")                         //// 
.................... ////                                                                       //// 
.................... ////  To use pin access, the following pins must be defined:               //// 
.................... ////     LCD_ENABLE_PIN                                                    //// 
.................... ////     LCD_RS_PIN                                                        //// 
.................... ////     LCD_RW_PIN                                                        //// 
.................... ////     LCD_DATA4                                                         //// 
.................... ////     LCD_DATA5                                                         //// 
.................... ////     LCD_DATA6                                                         //// 
.................... ////     LCD_DATA7                                                         //// 
.................... ////                                                                       //// 
.................... ////  Example of pin access:                                               //// 
.................... ////     #define LCD_ENABLE_PIN  PIN_E0                                    //// 
.................... ////     #define LCD_RS_PIN      PIN_E1                                    //// 
.................... ////     #define LCD_RW_PIN      PIN_E2                                    //// 
.................... ////     #define LCD_DATA4       PIN_D4                                    //// 
.................... ////     #define LCD_DATA5       PIN_D5                                    //// 
.................... ////     #define LCD_DATA6       PIN_D6                                    //// 
.................... ////     #define LCD_DATA7       PIN_D7                                    //// 
.................... ////                                                                       //// 
.................... /////////////////////////////////////////////////////////////////////////////// 
.................... ////        (C) Copyright 1996,2010 Custom Computer Services           //// 
.................... //// This source code may only be used by licensed users of the CCS C  //// 
.................... //// compiler.  This source code may only be distributed to other      //// 
.................... //// licensed users of the CCS C compiler.  No other use, reproduction //// 
.................... //// or distribution is permitted without written permission.          //// 
.................... //// Derivative programs created using this software in object code    //// 
.................... //// form are not restricted in any way.                               //// 
.................... /////////////////////////////////////////////////////////////////////////// 
....................  
.................... // define the pinout. 
.................... // only required if port access is being used. 
.................... typedef struct   
.................... {                            // This structure is overlayed 
....................    BOOLEAN enable;           // on to an I/O port to gain 
....................    BOOLEAN rs;               // access to the LCD pins. 
....................    BOOLEAN rw;               // The bits are allocated from 
....................    BOOLEAN unused;           // low order up.  ENABLE will 
....................    int     data : 4;         // be LSB pin of that port. 
....................   #if defined(__PCD__)       // The port used will be LCD_DATA_PORT. 
....................    int    reserved: 8; 
....................   #endif 
.................... } LCD_PIN_MAP; 
....................  
.................... // this is to improve compatability with previous LCD drivers that accepted 
.................... // a define labeled 'use_portb_lcd' that configured the LCD onto port B. 
.................... #if ((defined(use_portb_lcd)) && (use_portb_lcd==TRUE)) 
....................  #define LCD_DATA_PORT getenv("SFR:PORTB") 
.................... #endif 
....................  
.................... #if defined(__PCB__) 
....................    // these definitions only need to be modified for baseline PICs. 
....................    // all other PICs use LCD_PIN_MAP or individual LCD_xxx pin definitions. 
.................... /*                                    EN, RS,   RW,   UNUSED,  DATA  */ 
....................  const LCD_PIN_MAP LCD_OUTPUT_MAP =  {0,  0,    0,    0,       0}; 
....................  const LCD_PIN_MAP LCD_INPUT_MAP =   {0,  0,    0,    0,       0xF}; 
.................... #endif 
....................  
.................... ////////////////////// END CONFIGURATION /////////////////////////////////// 
....................  
.................... #ifndef LCD_ENABLE_PIN 
....................    #define lcd_output_enable(x) lcdlat.enable=x 
....................    #define lcd_enable_tris()   lcdtris.enable=0 
.................... #else 
....................    #define lcd_output_enable(x) output_bit(LCD_ENABLE_PIN, x) 
....................    #define lcd_enable_tris()  output_drive(LCD_ENABLE_PIN) 
.................... #endif 
....................  
.................... #ifndef LCD_RS_PIN 
....................    #define lcd_output_rs(x) lcdlat.rs=x 
....................    #define lcd_rs_tris()   lcdtris.rs=0 
.................... #else 
....................    #define lcd_output_rs(x) output_bit(LCD_RS_PIN, x) 
....................    #define lcd_rs_tris()  output_drive(LCD_RS_PIN) 
.................... #endif 
....................  
.................... #ifndef LCD_RW_PIN 
....................    #define lcd_output_rw(x) lcdlat.rw=x 
....................    #define lcd_rw_tris()   lcdtris.rw=0 
.................... #else 
....................    #define lcd_output_rw(x) output_bit(LCD_RW_PIN, x) 
....................    #define lcd_rw_tris()  output_drive(LCD_RW_PIN) 
.................... #endif 
....................  
.................... // original version of this library incorrectly labeled LCD_DATA0 as LCD_DATA4, 
.................... // LCD_DATA1 as LCD_DATA5, and so on.  this block of code makes the driver 
.................... // compatible with any code written for the original library 
.................... #if (defined(LCD_DATA0) && defined(LCD_DATA1) && defined(LCD_DATA2) && defined(LCD_DATA3) && !defined(LCD_DATA4) && !defined(LCD_DATA5) && !defined(LCD_DATA6) && !defined(LCD_DATA7)) 
....................    #define  LCD_DATA4    LCD_DATA0 
....................    #define  LCD_DATA5    LCD_DATA1 
....................    #define  LCD_DATA6    LCD_DATA2 
....................    #define  LCD_DATA7    LCD_DATA3 
.................... #endif 
....................  
.................... #ifndef LCD_DATA4 
.................... #ifndef LCD_DATA_PORT 
....................    #if defined(__PCB__) 
....................       #define LCD_DATA_PORT      0x06     //portb 
....................       #define set_tris_lcd(x)   set_tris_b(x) 
....................    #else 
....................      #if defined(PIN_D0) 
....................       #define LCD_DATA_PORT      getenv("SFR:PORTD")     //portd 
....................      #else 
....................       #define LCD_DATA_PORT      getenv("SFR:PORTB")     //portb 
....................      #endif 
....................    #endif    
.................... #endif 
....................  
.................... #if defined(__PCB__) 
....................    LCD_PIN_MAP lcd, lcdlat; 
....................    #byte lcd = LCD_DATA_PORT 
....................    #byte lcdlat = LCD_DATA_PORT 
.................... #elif defined(__PCM__) 
....................    LCD_PIN_MAP lcd, lcdlat, lcdtris; 
....................    #byte lcd = LCD_DATA_PORT 
....................    #byte lcdlat = LCD_DATA_PORT 
....................    #byte lcdtris = LCD_DATA_PORT+0x80 
.................... #elif defined(__PCH__) 
....................    LCD_PIN_MAP lcd, lcdlat, lcdtris; 
....................    #byte lcd = LCD_DATA_PORT 
....................    #byte lcdlat = LCD_DATA_PORT+9 
....................    #byte lcdtris = LCD_DATA_PORT+0x12 
.................... #elif defined(__PCD__) 
....................    LCD_PIN_MAP lcd, lcdlat, lcdtris; 
....................    #word lcd = LCD_DATA_PORT 
....................    #word lcdlat = LCD_DATA_PORT+2 
....................    #word lcdtris = LCD_DATA_PORT-0x02 
.................... #endif 
.................... #endif   //LCD_DATA4 not defined 
....................  
.................... #ifndef LCD_TYPE 
....................    #define LCD_TYPE 2           // 0=5x7, 1=5x10, 2=2 lines 
.................... #endif 
....................  
.................... #ifndef LCD_LINE_TWO 
....................    #define LCD_LINE_TWO 0x40    // LCD RAM address for the second line 
.................... #endif 
....................  
.................... #ifndef LCD_LINE_LENGTH 
....................    #define LCD_LINE_LENGTH 20 
.................... #endif 
....................  
.................... BYTE const LCD_INIT_STRING[4] = {0x20 | (LCD_TYPE << 2), 0xc, 1, 6}; 
....................                              // These bytes need to be sent to the LCD 
....................                              // to start it up. 
....................  
.................... BYTE lcd_read_nibble(void); 
....................  
.................... BYTE lcd_read_byte(void) 
.................... { 
....................    BYTE low,high; 
....................  
....................  #if defined(__PCB__) 
....................    set_tris_lcd(LCD_INPUT_MAP); 
....................  #else 
....................   #if (defined(LCD_DATA4) && defined(LCD_DATA5) && defined(LCD_DATA6) && defined(LCD_DATA7)) 
....................    output_float(LCD_DATA4); 
*
009B:  BSF    08.0
....................    output_float(LCD_DATA5); 
009C:  BSF    08.1
....................    output_float(LCD_DATA6); 
009D:  BSF    08.2
....................    output_float(LCD_DATA7); 
009E:  BSF    08.3
....................   #else 
....................    lcdtris.data = 0xF; 
....................   #endif 
....................  #endif 
....................          
....................    lcd_output_rw(1); 
009F:  BCF    03.5
00A0:  BSF    09.1
00A1:  BSF    03.5
00A2:  BCF    09.1
....................    delay_cycles(1); 
00A3:  NOP
....................    lcd_output_enable(1); 
00A4:  BCF    03.5
00A5:  BSF    09.2
00A6:  BSF    03.5
00A7:  BCF    09.2
....................    delay_cycles(1); 
00A8:  NOP
....................    high = lcd_read_nibble(); 
00A9:  BCF    03.5
00AA:  CALL   062
00AB:  MOVF   78,W
00AC:  MOVWF  44
....................        
....................    lcd_output_enable(0); 
00AD:  BCF    09.2
00AE:  BSF    03.5
00AF:  BCF    09.2
....................    delay_cycles(1); 
00B0:  NOP
....................    lcd_output_enable(1); 
00B1:  BCF    03.5
00B2:  BSF    09.2
00B3:  BSF    03.5
00B4:  BCF    09.2
....................    delay_us(1); 
00B5:  GOTO   0B6
00B6:  GOTO   0B7
00B7:  NOP
....................    low = lcd_read_nibble(); 
00B8:  BCF    03.5
00B9:  CALL   062
00BA:  MOVF   78,W
00BB:  MOVWF  43
....................        
....................    lcd_output_enable(0); 
00BC:  BCF    09.2
00BD:  BSF    03.5
00BE:  BCF    09.2
....................  
....................  #if defined(__PCB__) 
....................    set_tris_lcd(LCD_OUTPUT_MAP); 
....................  #else 
....................   #if (defined(LCD_DATA4) && defined(LCD_DATA5) && defined(LCD_DATA6) && defined(LCD_DATA7)) 
....................    output_drive(LCD_DATA4); 
00BF:  BCF    08.0
....................    output_drive(LCD_DATA5); 
00C0:  BCF    08.1
....................    output_drive(LCD_DATA6); 
00C1:  BCF    08.2
....................    output_drive(LCD_DATA7); 
00C2:  BCF    08.3
....................   #else 
....................    lcdtris.data = 0x0; 
....................   #endif 
....................  #endif 
....................  
....................    return( (high<<4) | low); 
00C3:  BCF    03.5
00C4:  SWAPF  44,W
00C5:  MOVWF  77
00C6:  MOVLW  F0
00C7:  ANDWF  77,F
00C8:  MOVF   77,W
00C9:  IORWF  43,W
00CA:  MOVWF  78
.................... } 
....................  
.................... BYTE lcd_read_nibble(void) 
.................... { 
....................   #if (defined(LCD_DATA4) && defined(LCD_DATA5) && defined(LCD_DATA6) && defined(LCD_DATA7)) 
*
0062:  CLRF   45
....................    BYTE n = 0x00; 
....................  
....................    /* Read the data port */ 
....................    n |= input(LCD_DATA4); 
0063:  BSF    03.5
0064:  BSF    08.0
0065:  MOVLW  00
0066:  BCF    03.5
0067:  BTFSC  08.0
0068:  MOVLW  01
0069:  IORWF  45,F
....................    n |= input(LCD_DATA5) << 1; 
006A:  BSF    03.5
006B:  BSF    08.1
006C:  MOVLW  00
006D:  BCF    03.5
006E:  BTFSC  08.1
006F:  MOVLW  01
0070:  MOVWF  77
0071:  BCF    03.0
0072:  RLF    77,F
0073:  MOVF   77,W
0074:  IORWF  45,F
....................    n |= input(LCD_DATA6) << 2; 
0075:  BSF    03.5
0076:  BSF    08.2
0077:  MOVLW  00
0078:  BCF    03.5
0079:  BTFSC  08.2
007A:  MOVLW  01
007B:  MOVWF  77
007C:  RLF    77,F
007D:  RLF    77,F
007E:  MOVLW  FC
007F:  ANDWF  77,F
0080:  MOVF   77,W
0081:  IORWF  45,F
....................    n |= input(LCD_DATA7) << 3; 
0082:  BSF    03.5
0083:  BSF    08.3
0084:  MOVLW  00
0085:  BCF    03.5
0086:  BTFSC  08.3
0087:  MOVLW  01
0088:  MOVWF  77
0089:  RLF    77,F
008A:  RLF    77,F
008B:  RLF    77,F
008C:  MOVLW  F8
008D:  ANDWF  77,F
008E:  MOVF   77,W
008F:  IORWF  45,F
....................     
....................    return(n); 
0090:  MOVF   45,W
0091:  MOVWF  78
....................   #else 
....................    return(lcd.data); 
....................   #endif 
.................... } 
0092:  RETURN
....................  
.................... void lcd_send_nibble(BYTE n) 
.................... { 
....................   #if (defined(LCD_DATA4) && defined(LCD_DATA5) && defined(LCD_DATA6) && defined(LCD_DATA7)) 
....................    /* Write to the data port */ 
....................    output_bit(LCD_DATA4, bit_test(n, 0)); 
*
0034:  BTFSC  44.0
0035:  GOTO   038
0036:  BCF    08.0
0037:  GOTO   039
0038:  BSF    08.0
0039:  BSF    03.5
003A:  BCF    08.0
....................    output_bit(LCD_DATA5, bit_test(n, 1)); 
003B:  BCF    03.5
003C:  BTFSC  44.1
003D:  GOTO   040
003E:  BCF    08.1
003F:  GOTO   041
0040:  BSF    08.1
0041:  BSF    03.5
0042:  BCF    08.1
....................    output_bit(LCD_DATA6, bit_test(n, 2)); 
0043:  BCF    03.5
0044:  BTFSC  44.2
0045:  GOTO   048
0046:  BCF    08.2
0047:  GOTO   049
0048:  BSF    08.2
0049:  BSF    03.5
004A:  BCF    08.2
....................    output_bit(LCD_DATA7, bit_test(n, 3)); 
004B:  BCF    03.5
004C:  BTFSC  44.3
004D:  GOTO   050
004E:  BCF    08.3
004F:  GOTO   051
0050:  BSF    08.3
0051:  BSF    03.5
0052:  BCF    08.3
....................   #else       
....................    lcdlat.data = n; 
....................   #endif 
....................        
....................    delay_cycles(1); 
0053:  NOP
....................    lcd_output_enable(1); 
0054:  BCF    03.5
0055:  BSF    09.2
0056:  BSF    03.5
0057:  BCF    09.2
....................    delay_us(2); 
0058:  MOVLW  03
0059:  MOVWF  77
005A:  DECFSZ 77,F
005B:  GOTO   05A
....................    lcd_output_enable(0); 
005C:  BCF    03.5
005D:  BCF    09.2
005E:  BSF    03.5
005F:  BCF    09.2
.................... } 
0060:  BCF    03.5
0061:  RETURN
....................  
.................... void lcd_send_byte(BYTE address, BYTE n) 
.................... { 
....................   #if defined(__PCB__) 
....................    set_tris_lcd(LCD_OUTPUT_MAP); 
....................   #else 
....................    lcd_enable_tris(); 
*
0093:  BSF    03.5
0094:  BCF    09.2
....................    lcd_rs_tris(); 
0095:  BCF    09.0
....................    lcd_rw_tris(); 
0096:  BCF    09.1
....................   #endif 
....................  
....................    lcd_output_rs(0); 
0097:  BCF    03.5
0098:  BCF    09.0
0099:  BSF    03.5
009A:  BCF    09.0
....................    while ( bit_test(lcd_read_byte(),7) ) ; 
*
00CB:  MOVF   78,W
00CC:  MOVWF  43
00CD:  BTFSS  43.7
00CE:  GOTO   0D1
00CF:  BSF    03.5
00D0:  GOTO   09B
....................    lcd_output_rs(address); 
00D1:  MOVF   41,F
00D2:  BTFSS  03.2
00D3:  GOTO   0D6
00D4:  BCF    09.0
00D5:  GOTO   0D7
00D6:  BSF    09.0
00D7:  BSF    03.5
00D8:  BCF    09.0
....................    delay_cycles(1); 
00D9:  NOP
....................    lcd_output_rw(0); 
00DA:  BCF    03.5
00DB:  BCF    09.1
00DC:  BSF    03.5
00DD:  BCF    09.1
....................    delay_cycles(1); 
00DE:  NOP
....................    lcd_output_enable(0); 
00DF:  BCF    03.5
00E0:  BCF    09.2
00E1:  BSF    03.5
00E2:  BCF    09.2
....................    lcd_send_nibble(n >> 4); 
00E3:  BCF    03.5
00E4:  SWAPF  42,W
00E5:  MOVWF  43
00E6:  MOVLW  0F
00E7:  ANDWF  43,F
00E8:  MOVF   43,W
00E9:  MOVWF  44
00EA:  CALL   034
....................    lcd_send_nibble(n & 0xf); 
00EB:  MOVF   42,W
00EC:  ANDLW  0F
00ED:  MOVWF  43
00EE:  MOVWF  44
00EF:  CALL   034
.................... } 
00F0:  RETURN
....................  
.................... #if defined(LCD_EXTENDED_NEWLINE) 
.................... unsigned int8 g_LcdX, g_LcdY; 
.................... #endif 
....................  
.................... void lcd_init(void)  
.................... { 
....................    BYTE i; 
....................  
....................  #if defined(__PCB__) 
....................    set_tris_lcd(LCD_OUTPUT_MAP); 
....................  #else 
....................   #if (defined(LCD_DATA4) && defined(LCD_DATA5) && defined(LCD_DATA6) && defined(LCD_DATA7)) 
....................    output_drive(LCD_DATA4); 
00F1:  BSF    03.5
00F2:  BCF    08.0
....................    output_drive(LCD_DATA5); 
00F3:  BCF    08.1
....................    output_drive(LCD_DATA6); 
00F4:  BCF    08.2
....................    output_drive(LCD_DATA7); 
00F5:  BCF    08.3
....................   #else 
....................    lcdtris.data = 0x0; 
....................   #endif 
....................    lcd_enable_tris(); 
00F6:  BCF    09.2
....................    lcd_rs_tris(); 
00F7:  BCF    09.0
....................    lcd_rw_tris(); 
00F8:  BCF    09.1
....................  #endif 
....................  
....................    lcd_output_rs(0); 
00F9:  BCF    03.5
00FA:  BCF    09.0
00FB:  BSF    03.5
00FC:  BCF    09.0
....................    lcd_output_rw(0); 
00FD:  BCF    03.5
00FE:  BCF    09.1
00FF:  BSF    03.5
0100:  BCF    09.1
....................    lcd_output_enable(0); 
0101:  BCF    03.5
0102:  BCF    09.2
0103:  BSF    03.5
0104:  BCF    09.2
....................      
....................    delay_ms(15); 
0105:  MOVLW  0F
0106:  BCF    03.5
0107:  MOVWF  3D
0108:  CALL   020
....................    for(i=1;i<=3;++i) 
0109:  MOVLW  01
010A:  MOVWF  39
010B:  MOVF   39,W
010C:  SUBLW  03
010D:  BTFSS  03.0
010E:  GOTO   119
....................    { 
....................        lcd_send_nibble(3); 
010F:  MOVLW  03
0110:  MOVWF  44
0111:  CALL   034
....................        lcd_send_nibble(0); 
0112:  CLRF   44
0113:  CALL   034
....................        delay_ms(5); 
0114:  MOVLW  05
0115:  MOVWF  3D
0116:  CALL   020
....................    } 
0117:  INCF   39,F
0118:  GOTO   10B
....................     
....................    lcd_send_nibble(2); 
0119:  MOVLW  02
011A:  MOVWF  44
011B:  CALL   034
....................    lcd_send_nibble(0); 
011C:  CLRF   44
011D:  CALL   034
....................    delay_ms(5); 
011E:  MOVLW  05
011F:  MOVWF  3D
0120:  CALL   020
....................    for(i=0;i<=3;++i) 
0121:  CLRF   39
0122:  MOVF   39,W
0123:  SUBLW  03
0124:  BTFSS  03.0
0125:  GOTO   12F
....................       lcd_send_byte(0,LCD_INIT_STRING[i]); 
0126:  MOVF   39,W
0127:  CALL   004
0128:  MOVWF  3A
0129:  CLRF   41
012A:  MOVF   3A,W
012B:  MOVWF  42
012C:  CALL   093
....................  
....................   #if defined(LCD_EXTENDED_NEWLINE) 
012D:  INCF   39,F
012E:  GOTO   122
....................    g_LcdX = 0; 
....................    g_LcdY = 0; 
....................   #endif 
.................... } 
012F:  BCF    0A.3
0130:  BCF    0A.4
0131:  GOTO   2C4 (RETURN)
....................  
.................... void lcd_gotoxy(BYTE x, BYTE y) 
.................... { 
....................    BYTE address; 
....................     
....................    if(y!=1) 
*
0224:  DECFSZ 3E,W
0225:  GOTO   227
0226:  GOTO   22A
....................       address=LCD_LINE_TWO; 
0227:  MOVLW  40
0228:  MOVWF  3F
....................    else 
0229:  GOTO   22B
....................       address=0; 
022A:  CLRF   3F
....................       
....................    address+=x-1; 
022B:  MOVLW  01
022C:  SUBWF  3D,W
022D:  ADDWF  3F,F
....................    lcd_send_byte(0,0x80|address); 
022E:  MOVF   3F,W
022F:  IORLW  80
0230:  MOVWF  40
0231:  CLRF   41
0232:  MOVF   40,W
0233:  MOVWF  42
0234:  CALL   093
....................  
....................   #if defined(LCD_EXTENDED_NEWLINE) 
....................    g_LcdX = x - 1; 
....................    g_LcdY = y - 1; 
....................   #endif 
.................... } 
0235:  RETURN
....................  
.................... void lcd_putc(char c) 
.................... { 
....................    switch (c) 
....................    { 
0236:  MOVF   3C,W
0237:  XORLW  07
0238:  BTFSC  03.2
0239:  GOTO   244
023A:  XORLW  0B
023B:  BTFSC  03.2
023C:  GOTO   249
023D:  XORLW  06
023E:  BTFSC  03.2
023F:  GOTO   251
0240:  XORLW  02
0241:  BTFSC  03.2
0242:  GOTO   257
0243:  GOTO   25C
....................       case '\a'   :  lcd_gotoxy(1,1);     break; 
0244:  MOVLW  01
0245:  MOVWF  3D
0246:  MOVWF  3E
0247:  CALL   224
0248:  GOTO   262
....................  
....................       case '\f'   :  lcd_send_byte(0,1); 
0249:  CLRF   41
024A:  MOVLW  01
024B:  MOVWF  42
024C:  CALL   093
....................                      delay_ms(2); 
024D:  MOVLW  02
024E:  MOVWF  3D
024F:  CALL   020
....................                     #if defined(LCD_EXTENDED_NEWLINE) 
....................                      g_LcdX = 0; 
....................                      g_LcdY = 0; 
....................                     #endif 
....................                      break; 
0250:  GOTO   262
....................  
....................      #if defined(LCD_EXTENDED_NEWLINE) 
....................       case '\r'   :  lcd_gotoxy(1, g_LcdY+1);   break; 
....................       case '\n'   : 
....................          while (g_LcdX++ < LCD_LINE_LENGTH) 
....................          { 
....................             lcd_send_byte(1, ' '); 
....................          } 
....................          lcd_gotoxy(1, g_LcdY+2); 
....................          break; 
....................      #else 
....................       case '\n'   : lcd_gotoxy(1,2);        break; 
0251:  MOVLW  01
0252:  MOVWF  3D
0253:  MOVLW  02
0254:  MOVWF  3E
0255:  CALL   224
0256:  GOTO   262
....................      #endif 
....................       
....................       case '\b'   : lcd_send_byte(0,0x10);  break; 
0257:  CLRF   41
0258:  MOVLW  10
0259:  MOVWF  42
025A:  CALL   093
025B:  GOTO   262
....................       
....................      #if defined(LCD_EXTENDED_NEWLINE) 
....................       default     :  
....................          if (g_LcdX < LCD_LINE_LENGTH) 
....................          { 
....................             lcd_send_byte(1, c); 
....................             g_LcdX++; 
....................          } 
....................          break; 
....................      #else 
....................       default     : lcd_send_byte(1,c);     break; 
025C:  MOVLW  01
025D:  MOVWF  41
025E:  MOVF   3C,W
025F:  MOVWF  42
0260:  CALL   093
0261:  GOTO   262
....................      #endif 
....................    } 
.................... } 
0262:  RETURN
....................   
.................... char lcd_getc(BYTE x, BYTE y) 
.................... { 
....................    char value; 
....................  
....................    lcd_gotoxy(x,y); 
....................    while ( bit_test(lcd_read_byte(),7) ); // wait until busy flag is low 
....................    lcd_output_rs(1); 
....................    value = lcd_read_byte(); 
....................    lcd_output_rs(0); 
....................     
....................    return(value); 
.................... } 
....................  
....................  
.................... void setbamxung() 
....................    { 
....................    setup_timer_2 (T2_DIV_BY_16, 155, 1); 
....................    setup_ccp1 (CCP_PWM); 
....................    setup_ccp2 (CCP_PWM); 
....................    set_pwm1_duty (0); 
....................    set_pwm2_duty (0); 
....................    delay_ms (10); 
....................    } 
....................  
.................... void lcd_putnum(int32 so,INT8 x,int8 y) 
.................... { 
....................    INT32 a, b, c, d, e; 
....................    a = so / 10000; 
....................    b = (so - 10000 * a) / 1000; 
....................    c = (so - 10000 * a - 1000 * b) / 100; 
....................    d = (so - 10000 * a - 1000 * b - 100 * c) / 10; 
....................    e = so - 10000 * a - 1000 * b - 100 * c - 10 * d; 
....................    lcd_gotoxy (x, y) ; 
....................    lcd_putc (a + 48) ; 
....................    lcd_putc (b + 48) ; 
....................    lcd_putc (c + 48) ; 
....................    lcd_putc (d + 48) ; 
....................    lcd_putc (e + 48) ; 
.................... } 
....................  
.................... #bit Din = mcu_PORTC.7// dây 1 màu nâu (chan DI) 
.................... #bit Dout = mcu_PORTC.6 // dây 2 màu cam (chan DO) 
.................... #bit CLK = mcu_PORTC.5// dây 7 xanh da tr?i (chan CLK) 
.................... #bit CS = mcu_PORTC.4 // dây 6 màu vàng (chan CS) 
....................  
.................... unsigned CHAR rbyte,analog,pes4,pes5,adcrlp,adcudp,adcrlt,adcudt; 
.................... unsigned CHAR select,start,len,xuong,trai,phai,trai0,phai0,trai1,phai1,trai2,phai2,nut1,nut2,nut3,nut4; 
....................  
.................... void access(UNSIGNED char wbyte) 
....................   { 
*
0132:  CLRF   3A
....................    UNSIGNED char j = 0; 
....................    rbyte = 0; 
0133:  CLRF   21
....................    CLK = 1; 
0134:  BSF    07.5
....................    FOR (j = 0; j < 8; j++) 
0135:  CLRF   3A
0136:  MOVF   3A,W
0137:  SUBLW  07
0138:  BTFSS  03.0
0139:  GOTO   186
....................    { 
....................       IF (bit_test (wbyte, j) == 1) Dout=1; else Dout = 0; 
013A:  MOVF   39,W
013B:  MOVWF  77
013C:  MOVF   3A,W
013D:  MOVWF  78
013E:  BTFSC  03.2
013F:  GOTO   144
0140:  BCF    03.0
0141:  RRF    77,F
0142:  DECFSZ 78,F
0143:  GOTO   140
0144:  BTFSS  77.0
0145:  GOTO   148
0146:  BSF    07.6
0147:  GOTO   149
0148:  BCF    07.6
....................       delay_us (10); 
0149:  MOVLW  10
014A:  MOVWF  77
014B:  DECFSZ 77,F
014C:  GOTO   14B
014D:  NOP
....................       CLK = 0; 
014E:  BCF    07.5
....................       delay_us (10); 
014F:  MOVLW  10
0150:  MOVWF  77
0151:  DECFSZ 77,F
0152:  GOTO   151
0153:  NOP
....................  
....................       IF (Din == 1) 
0154:  BTFSS  07.7
0155:  GOTO   183
....................       { 
....................          IF (j == 0) rbyte = 1; 
0156:  MOVF   3A,F
0157:  BTFSS  03.2
0158:  GOTO   15B
0159:  MOVLW  01
015A:  MOVWF  21
....................          IF (j == 1) rbyte = rbyte + 2; 
015B:  DECFSZ 3A,W
015C:  GOTO   15F
015D:  MOVLW  02
015E:  ADDWF  21,F
....................          IF (j == 2) rbyte = rbyte + 4; 
015F:  MOVF   3A,W
0160:  SUBLW  02
0161:  BTFSS  03.2
0162:  GOTO   165
0163:  MOVLW  04
0164:  ADDWF  21,F
....................          IF (j == 3) rbyte = rbyte + 8; 
0165:  MOVF   3A,W
0166:  SUBLW  03
0167:  BTFSS  03.2
0168:  GOTO   16B
0169:  MOVLW  08
016A:  ADDWF  21,F
....................          IF (j == 4) rbyte = rbyte + 16; 
016B:  MOVF   3A,W
016C:  SUBLW  04
016D:  BTFSS  03.2
016E:  GOTO   171
016F:  MOVLW  10
0170:  ADDWF  21,F
....................          IF (j == 5) rbyte = rbyte + 32; 
0171:  MOVF   3A,W
0172:  SUBLW  05
0173:  BTFSS  03.2
0174:  GOTO   177
0175:  MOVLW  20
0176:  ADDWF  21,F
....................          IF (j == 6) rbyte = rbyte + 64; 
0177:  MOVF   3A,W
0178:  SUBLW  06
0179:  BTFSS  03.2
017A:  GOTO   17D
017B:  MOVLW  40
017C:  ADDWF  21,F
....................          IF (j == 7) rbyte = rbyte + 128; 
017D:  MOVF   3A,W
017E:  SUBLW  07
017F:  BTFSS  03.2
0180:  GOTO   183
0181:  MOVLW  80
0182:  ADDWF  21,F
....................       } 
....................  
....................       CLK = 1; 
0183:  BSF    07.5
....................    } 
0184:  INCF   3A,F
0185:  GOTO   136
....................   } 
0186:  RETURN
....................  
.................... void doctayPES() 
....................    { 
....................    mcu_portc = 0xff; 
0187:  MOVLW  FF
0188:  MOVWF  07
....................    mcu_trisc = 0b10000000; 
0189:  MOVLW  80
018A:  BSF    03.5
018B:  MOVWF  07
....................    cs = 0; 
018C:  BCF    03.5
018D:  BCF    07.4
....................    access (0x01); 
018E:  MOVLW  01
018F:  MOVWF  39
0190:  CALL   132
....................    access (0x42); 
0191:  MOVLW  42
0192:  MOVWF  39
0193:  CALL   132
....................    analog = rbyte; 
0194:  MOVF   21,W
0195:  MOVWF  22
....................    access (0x00); 
0196:  CLRF   39
0197:  CALL   132
....................    access (0x00); 
0198:  CLRF   39
0199:  CALL   132
....................    pes4 = rbyte; 
019A:  MOVF   21,W
019B:  MOVWF  23
....................    access (0x00); 
019C:  CLRF   39
019D:  CALL   132
....................    pes5 = rbyte; 
019E:  MOVF   21,W
019F:  MOVWF  24
....................    access (0x00); 
01A0:  CLRF   39
01A1:  CALL   132
....................    adcrlp = rbyte; 
01A2:  MOVF   21,W
01A3:  MOVWF  25
....................    access (0x00); 
01A4:  CLRF   39
01A5:  CALL   132
....................    adcudp = rbyte; 
01A6:  MOVF   21,W
01A7:  MOVWF  26
....................    access (0x00); 
01A8:  CLRF   39
01A9:  CALL   132
....................    adcrlt = rbyte; 
01AA:  MOVF   21,W
01AB:  MOVWF  27
....................    access (0x00); 
01AC:  CLRF   39
01AD:  CALL   132
....................    adcudt = rbyte; 
01AE:  MOVF   21,W
01AF:  MOVWF  28
....................    cs = 1; 
01B0:  BSF    07.4
....................    select = pes4&0x01; 
01B1:  MOVF   23,W
01B2:  ANDLW  01
01B3:  MOVWF  29
....................    trai0 = (pes4&0x02) / 2; 
01B4:  MOVF   23,W
01B5:  ANDLW  02
01B6:  MOVWF  77
01B7:  BCF    03.0
01B8:  RRF    77,W
01B9:  MOVWF  2F
....................    phai0 = (pes4&0x04) / 4; 
01BA:  MOVF   23,W
01BB:  ANDLW  04
01BC:  MOVWF  77
01BD:  RRF    77,W
01BE:  MOVWF  30
01BF:  RRF    30,F
01C0:  MOVLW  3F
01C1:  ANDWF  30,F
....................    start = (pes4&0x08) / 8; 
01C2:  MOVF   23,W
01C3:  ANDLW  08
01C4:  MOVWF  77
01C5:  RRF    77,W
01C6:  MOVWF  2A
01C7:  RRF    2A,F
01C8:  RRF    2A,F
01C9:  MOVLW  1F
01CA:  ANDWF  2A,F
....................    len = (pes4&0x10) / 16; 
01CB:  MOVF   23,W
01CC:  ANDLW  10
01CD:  MOVWF  77
01CE:  SWAPF  77,W
01CF:  MOVWF  2B
01D0:  MOVLW  0F
01D1:  ANDWF  2B,F
....................    phai = (pes4&0x20) / 32; 
01D2:  MOVF   23,W
01D3:  ANDLW  20
01D4:  MOVWF  77
01D5:  SWAPF  77,W
01D6:  MOVWF  2E
01D7:  RRF    2E,F
01D8:  MOVLW  07
01D9:  ANDWF  2E,F
....................    xuong = (pes4&0x40) / 64; 
01DA:  MOVF   23,W
01DB:  ANDLW  40
01DC:  MOVWF  77
01DD:  SWAPF  77,W
01DE:  MOVWF  2C
01DF:  RRF    2C,F
01E0:  RRF    2C,F
01E1:  MOVLW  03
01E2:  ANDWF  2C,F
....................    trai = (pes4&0x80) / 128; 
01E3:  MOVF   23,W
01E4:  ANDLW  80
01E5:  MOVWF  77
01E6:  CLRF   2D
01E7:  BTFSC  77.7
01E8:  BSF    2D.0
....................    trai2 = (pes5&0x01); 
01E9:  MOVF   24,W
01EA:  ANDLW  01
01EB:  MOVWF  33
....................    phai2 = (pes5&0x02) / 2; 
01EC:  MOVF   24,W
01ED:  ANDLW  02
01EE:  MOVWF  77
01EF:  BCF    03.0
01F0:  RRF    77,W
01F1:  MOVWF  34
....................    trai1 = (pes5&0x04) / 4; 
01F2:  MOVF   24,W
01F3:  ANDLW  04
01F4:  MOVWF  77
01F5:  RRF    77,W
01F6:  MOVWF  31
01F7:  RRF    31,F
01F8:  MOVLW  3F
01F9:  ANDWF  31,F
....................    phai1 = (pes5&0x08) / 8; 
01FA:  MOVF   24,W
01FB:  ANDLW  08
01FC:  MOVWF  77
01FD:  RRF    77,W
01FE:  MOVWF  32
01FF:  RRF    32,F
0200:  RRF    32,F
0201:  MOVLW  1F
0202:  ANDWF  32,F
....................    nut1 = (pes5&0x10) / 16; 
0203:  MOVF   24,W
0204:  ANDLW  10
0205:  MOVWF  77
0206:  SWAPF  77,W
0207:  MOVWF  35
0208:  MOVLW  0F
0209:  ANDWF  35,F
....................    nut2 = (pes5&0x20) / 32; 
020A:  MOVF   24,W
020B:  ANDLW  20
020C:  MOVWF  77
020D:  SWAPF  77,W
020E:  MOVWF  36
020F:  RRF    36,F
0210:  MOVLW  07
0211:  ANDWF  36,F
....................    nut3 = (pes5&0x40) / 64; 
0212:  MOVF   24,W
0213:  ANDLW  40
0214:  MOVWF  77
0215:  SWAPF  77,W
0216:  MOVWF  37
0217:  RRF    37,F
0218:  RRF    37,F
0219:  MOVLW  03
021A:  ANDWF  37,F
....................    nut4 = (pes5&0x80) / 128; 
021B:  MOVF   24,W
021C:  ANDLW  80
021D:  MOVWF  77
021E:  CLRF   38
021F:  BTFSC  77.7
0220:  BSF    38.0
....................    } 
0221:  BCF    0A.3
0222:  BCF    0A.4
0223:  GOTO   2C5 (RETURN)
....................  
....................     
.................... #bit pwm1 = mcu_portb.0 
.................... #bit dir1 = mcu_portb.1 
.................... #bit pwm2 = mcu_portb.2 
.................... #bit dir2 = mcu_portb.3 
.................... #bit van5 = mcu_portb.4 
.................... #bit van6 = mcu_portb.5 
.................... #bit van7 = mcu_portb.6 
.................... #bit van8 = mcu_portb.7 
....................  
.................... void main() 
.................... { 
*
001F:  DATA 00,00
*
02A9:  CLRF   04
02AA:  BCF    03.7
02AB:  MOVLW  1F
02AC:  ANDWF  03,F
02AD:  MOVLW  FF
02AE:  MOVWF  20
02AF:  BSF    03.5
02B0:  BSF    03.6
02B1:  MOVF   09,W
02B2:  ANDLW  C0
02B3:  MOVWF  09
02B4:  BCF    03.6
02B5:  BCF    1F.4
02B6:  BCF    1F.5
02B7:  MOVLW  00
02B8:  BSF    03.6
02B9:  MOVWF  08
02BA:  BCF    03.5
02BB:  CLRF   07
02BC:  CLRF   08
02BD:  CLRF   09
....................    mcu_portb = 0x00; 
02BE:  BCF    03.6
02BF:  CLRF   06
....................    mcu_trisb = 0x00; 
02C0:  BSF    03.5
02C1:  CLRF   06
....................    lcd_init (); 
02C2:  BCF    03.5
02C3:  GOTO   0F1
....................    WHILE (true) 
....................    {   
....................       doctaypes () ; 
02C4:  GOTO   187
....................       pwm1=pwm2=dir1=dir2=0; 
02C5:  BCF    06.3
02C6:  BCF    06.1
02C7:  BCF    06.2
02C8:  BCF    06.0
....................       IF (nut1 == 0) {pwm1 = 1; dir1 = 1; lcd_putc ('\f'); lcd_gotoxy (0, 0); lcd_putc ("dc1thuan"); } 
02C9:  MOVF   35,F
02CA:  BTFSS  03.2
02CB:  GOTO   2DB
02CC:  BSF    06.0
02CD:  BSF    06.1
02CE:  MOVLW  0C
02CF:  MOVWF  3C
02D0:  CALL   236
02D1:  CLRF   3D
02D2:  CLRF   3E
02D3:  CALL   224
02D4:  MOVLW  0C
02D5:  BSF    03.6
02D6:  MOVWF  0D
02D7:  MOVLW  00
02D8:  MOVWF  0F
02D9:  BCF    03.6
02DA:  CALL   263
....................       IF (nut2 == 0) {pwm1 = 1; dir1 = 0; lcd_putc ('\f'); lcd_gotoxy (0, 0); lcd_putc ("dc1nguoc"); } 
02DB:  MOVF   36,F
02DC:  BTFSS  03.2
02DD:  GOTO   2ED
02DE:  BSF    06.0
02DF:  BCF    06.1
02E0:  MOVLW  0C
02E1:  MOVWF  3C
02E2:  CALL   236
02E3:  CLRF   3D
02E4:  CLRF   3E
02E5:  CALL   224
02E6:  MOVLW  11
02E7:  BSF    03.6
02E8:  MOVWF  0D
02E9:  MOVLW  00
02EA:  MOVWF  0F
02EB:  BCF    03.6
02EC:  CALL   263
....................       IF (nut3 == 0) {pwm2 = 1; dir2 = 1; lcd_putc ('\f'); lcd_gotoxy (0, 0); lcd_putc ("dc2thuan"); } 
02ED:  MOVF   37,F
02EE:  BTFSS  03.2
02EF:  GOTO   2FF
02F0:  BSF    06.2
02F1:  BSF    06.3
02F2:  MOVLW  0C
02F3:  MOVWF  3C
02F4:  CALL   236
02F5:  CLRF   3D
02F6:  CLRF   3E
02F7:  CALL   224
02F8:  MOVLW  16
02F9:  BSF    03.6
02FA:  MOVWF  0D
02FB:  MOVLW  00
02FC:  MOVWF  0F
02FD:  BCF    03.6
02FE:  CALL   263
....................       IF (nut4 == 0) {pwm2 = 1; dir2 = 0; lcd_putc ('\f'); lcd_gotoxy (0, 0); lcd_putc ("dc2nguoc"); } 
02FF:  MOVF   38,F
0300:  BTFSS  03.2
0301:  GOTO   311
0302:  BSF    06.2
0303:  BCF    06.3
0304:  MOVLW  0C
0305:  MOVWF  3C
0306:  CALL   236
0307:  CLRF   3D
0308:  CLRF   3E
0309:  CALL   224
030A:  MOVLW  1B
030B:  BSF    03.6
030C:  MOVWF  0D
030D:  MOVLW  00
030E:  MOVWF  0F
030F:  BCF    03.6
0310:  CALL   263
....................       delay_ms(50); 
0311:  MOVLW  32
0312:  MOVWF  3D
0313:  CALL   020
....................       lcd_putc ('\f') ; 
0314:  MOVLW  0C
0315:  MOVWF  3C
0316:  CALL   236
....................       //van1 = 0; lcd_putc ('\f'); lcd_gotoxy (0, 0); lcd_putc ("van1_set") ; 
....................       //IF (nut1 == 0) {van1 = 0; lcd_putc ('\f'); lcd_gotoxy (0, 0); lcd_putc ("van1_set"); } else van1 = 1; 
....................       //IF (nut2 == 0) {van2 = 0; lcd_putc ('\f'); lcd_gotoxy (0, 0); lcd_putc ("van2_set"); } else van2 = 1; 
....................       //IF (nut3 == 0) {van3 = 0; lcd_putc ('\f'); lcd_gotoxy (0, 0); lcd_putc ("van3_set"); } else van3 = 1; 
....................       //IF (nut4 == 0) {van4 = 0; lcd_putc ('\f'); lcd_gotoxy (0, 0); lcd_putc ("van4_set"); } else van4 = 1; 
....................       //delay_ms (100) ; 
....................       //van1 = 1; lcd_putc ('\f') ; 
....................       //delay_ms (100) ; 
....................    } 
0317:  GOTO   2C4
.................... } 
....................  
0318:  SLEEP

Configuration Fuses:
   Word  1: 2CF2   HS NOWDT NOPUT MCLR NOPROTECT NOCPD NOBROWNOUT IESO FCMEN NOLVP NODEBUG
   Word  2: 3FFF   BORV40 NOWRT
